/home/robotics/pruebaservicio/ros2_ws/install/mi_primer_paquete/lib/python3.12/site-packages/mi_primer_paquete/__init__.py
/home/robotics/pruebaservicio/ros2_ws/install/mi_primer_paquete/lib/python3.12/site-packages/mi_primer_paquete/publicador_juntas_terminal.py
/home/robotics/pruebaservicio/ros2_ws/install/mi_primer_paquete/lib/python3.12/site-packages/mi_primer_paquete/clicked_point_a_juntas.py
/home/robotics/pruebaservicio/ros2_ws/install/mi_primer_paquete/lib/python3.12/site-packages/mi_primer_paquete/punto_objetivo.py
/home/robotics/pruebaservicio/ros2_ws/install/mi_primer_paquete/lib/python3.12/site-packages/mi_primer_paquete/Respaldo.py
/home/robotics/pruebaservicio/ros2_ws/install/mi_primer_paquete/lib/python3.12/site-packages/mi_primer_paquete/CinematicaInversa.py
/home/robotics/pruebaservicio/ros2_ws/install/mi_primer_paquete/lib/python3.12/site-packages/mi_primer_paquete/cine_inver.py
/home/robotics/pruebaservicio/ros2_ws/install/mi_primer_paquete/lib/python3.12/site-packages/mi_primer_paquete/3GDL.py
/home/robotics/pruebaservicio/ros2_ws/install/mi_primer_paquete/lib/python3.12/site-packages/mi_primer_paquete/joint_states_a_esp32.py
/home/robotics/pruebaservicio/ros2_ws/install/mi_primer_paquete/lib/python3.12/site-packages/mi_primer_paquete/__pycache__/__init__.cpython-312.pyc
/home/robotics/pruebaservicio/ros2_ws/install/mi_primer_paquete/lib/python3.12/site-packages/mi_primer_paquete/__pycache__/publicador_juntas_terminal.cpython-312.pyc
/home/robotics/pruebaservicio/ros2_ws/install/mi_primer_paquete/lib/python3.12/site-packages/mi_primer_paquete/__pycache__/clicked_point_a_juntas.cpython-312.pyc
/home/robotics/pruebaservicio/ros2_ws/install/mi_primer_paquete/lib/python3.12/site-packages/mi_primer_paquete/__pycache__/punto_objetivo.cpython-312.pyc
/home/robotics/pruebaservicio/ros2_ws/install/mi_primer_paquete/lib/python3.12/site-packages/mi_primer_paquete/__pycache__/Respaldo.cpython-312.pyc
/home/robotics/pruebaservicio/ros2_ws/install/mi_primer_paquete/lib/python3.12/site-packages/mi_primer_paquete/__pycache__/CinematicaInversa.cpython-312.pyc
/home/robotics/pruebaservicio/ros2_ws/install/mi_primer_paquete/lib/python3.12/site-packages/mi_primer_paquete/__pycache__/cine_inver.cpython-312.pyc
/home/robotics/pruebaservicio/ros2_ws/install/mi_primer_paquete/lib/python3.12/site-packages/mi_primer_paquete/__pycache__/3GDL.cpython-312.pyc
/home/robotics/pruebaservicio/ros2_ws/install/mi_primer_paquete/lib/python3.12/site-packages/mi_primer_paquete/__pycache__/joint_states_a_esp32.cpython-312.pyc
/home/robotics/pruebaservicio/ros2_ws/install/mi_primer_paquete/share/ament_index/resource_index/packages/mi_primer_paquete
/home/robotics/pruebaservicio/ros2_ws/install/mi_primer_paquete/share/mi_primer_paquete/package.xml
/home/robotics/pruebaservicio/ros2_ws/install/mi_primer_paquete/share/mi_primer_paquete/launch/display.launch.py
/home/robotics/pruebaservicio/ros2_ws/install/mi_primer_paquete/share/mi_primer_paquete/launch/display_2.launch.py
/home/robotics/pruebaservicio/ros2_ws/install/mi_primer_paquete/share/mi_primer_paquete/urdf/robot.urdf
/home/robotics/pruebaservicio/ros2_ws/install/mi_primer_paquete/share/mi_primer_paquete/urdf/prueba.urdf
/home/robotics/pruebaservicio/ros2_ws/install/mi_primer_paquete/share/mi_primer_paquete/urdf/prueba_2.urdf
/home/robotics/pruebaservicio/ros2_ws/install/mi_primer_paquete/share/mi_primer_paquete/urdf/Modelos_en_stl/Ensamblaje_base.stl
/home/robotics/pruebaservicio/ros2_ws/install/mi_primer_paquete/share/mi_primer_paquete/urdf/Modelos_en_stl/Ensamblaje_antebrazo.stl
/home/robotics/pruebaservicio/ros2_ws/install/mi_primer_paquete/share/mi_primer_paquete/urdf/Modelos_en_stl/Ensamblaje_brazo.stl
/home/robotics/pruebaservicio/ros2_ws/install/mi_primer_paquete/share/mi_primer_paquete/urdf/Modelos_en_stl/Ensamblaje_hombro.stl
/home/robotics/pruebaservicio/ros2_ws/install/mi_primer_paquete/share/mi_primer_paquete/rviz/mi_robot.rviz
/home/robotics/pruebaservicio/ros2_ws/install/mi_primer_paquete/lib/python3.12/site-packages/mi_primer_paquete-0.0.0-py3.12.egg-info/PKG-INFO
/home/robotics/pruebaservicio/ros2_ws/install/mi_primer_paquete/lib/python3.12/site-packages/mi_primer_paquete-0.0.0-py3.12.egg-info/entry_points.txt
/home/robotics/pruebaservicio/ros2_ws/install/mi_primer_paquete/lib/python3.12/site-packages/mi_primer_paquete-0.0.0-py3.12.egg-info/zip-safe
/home/robotics/pruebaservicio/ros2_ws/install/mi_primer_paquete/lib/python3.12/site-packages/mi_primer_paquete-0.0.0-py3.12.egg-info/top_level.txt
/home/robotics/pruebaservicio/ros2_ws/install/mi_primer_paquete/lib/python3.12/site-packages/mi_primer_paquete-0.0.0-py3.12.egg-info/SOURCES.txt
/home/robotics/pruebaservicio/ros2_ws/install/mi_primer_paquete/lib/python3.12/site-packages/mi_primer_paquete-0.0.0-py3.12.egg-info/requires.txt
/home/robotics/pruebaservicio/ros2_ws/install/mi_primer_paquete/lib/python3.12/site-packages/mi_primer_paquete-0.0.0-py3.12.egg-info/dependency_links.txt
/home/robotics/pruebaservicio/ros2_ws/install/mi_primer_paquete/lib/mi_primer_paquete/clicked_point_a_juntas
/home/robotics/pruebaservicio/ros2_ws/install/mi_primer_paquete/lib/mi_primer_paquete/joint_states_a_esp32
/home/robotics/pruebaservicio/ros2_ws/install/mi_primer_paquete/lib/mi_primer_paquete/publicador_juntas_terminal
/home/robotics/pruebaservicio/ros2_ws/install/mi_primer_paquete/lib/mi_primer_paquete/publisher
/home/robotics/pruebaservicio/ros2_ws/install/mi_primer_paquete/lib/mi_primer_paquete/punto_objetivo
/home/robotics/pruebaservicio/ros2_ws/install/mi_primer_paquete/lib/mi_primer_paquete/subscriber
/home/robotics/pruebaservicio/ros2_ws/install/mi_primer_paquete/lib/mi_primer_paquete/subscriber_2
/home/robotics/pruebaservicio/ros2_ws/install/mi_primer_paquete/lib/mi_primer_paquete/subscriber_inter
