[0.010s] Invoking command in '/home/robotics/pruebaservicio/ros2_ws/build/micro_ros_msgs': CMAKE_PREFIX_PATH=${CMAKE_PREFIX_PATH}:/home/robotics/pruebaservicio/ros2_ws/install/mi_primer_paquete:/opt/ros/jazzy DEBUGINFOD_URLS=https://debuginfod.ubuntu.com /usr/bin/cmake /home/robotics/pruebaservicio/ros2_ws/src/micro_ros_msgs -DCMAKE_INSTALL_PREFIX=/home/robotics/pruebaservicio/ros2_ws/install/micro_ros_msgs
[0.051s] -- The C compiler identification is GNU 13.3.0
[0.095s] -- The CXX compiler identification is GNU 13.3.0
[0.107s] -- Detecting C compiler ABI info
[0.170s] -- Detecting C compiler ABI info - done
[0.178s] -- Check for working C compiler: /usr/bin/cc - skipped
[0.178s] -- Detecting C compile features
[0.178s] -- Detecting C compile features - done
[0.185s] -- Detecting CXX compiler ABI info
[0.258s] -- Detecting CXX compiler ABI info - done
[0.266s] -- Check for working CXX compiler: /usr/bin/c++ - skipped
[0.267s] -- Detecting CXX compile features
[0.267s] -- Detecting CXX compile features - done
[0.269s] -- Found ament_cmake: 2.5.5 (/opt/ros/jazzy/share/ament_cmake/cmake)
[0.384s] -- Found Python3: /usr/bin/python3 (found version "3.12.3") found components: Interpreter 
[0.472s] -- Found rosidl_default_generators: 1.6.0 (/opt/ros/jazzy/share/rosidl_default_generators/cmake)
[0.481s] -- Using all available rosidl_typesupport_c: rosidl_typesupport_fastrtps_c;rosidl_typesupport_introspection_c
[0.524s] -- Using all available rosidl_typesupport_cpp: rosidl_typesupport_fastrtps_cpp;rosidl_typesupport_introspection_cpp
[0.565s] -- Found rosidl_adapter: 4.6.7 (/opt/ros/jazzy/share/rosidl_adapter/cmake)
[0.568s] -- Found ament_lint_auto: 0.17.4 (/opt/ros/jazzy/share/ament_lint_auto/cmake)
[1.590s] -- Found ament_cmake_ros: 0.12.0 (/opt/ros/jazzy/share/ament_cmake_ros/cmake)
[1.937s] -- Using all available rosidl_typesupport_c: rosidl_typesupport_fastrtps_c;rosidl_typesupport_introspection_c
[2.377s] -- Using all available rosidl_typesupport_cpp: rosidl_typesupport_fastrtps_cpp;rosidl_typesupport_introspection_cpp
[2.381s] -- Found python_cmake_module: 0.11.1 (/opt/ros/jazzy/share/python_cmake_module/cmake)
[2.492s] -- Found PythonExtra: /usr/bin/python3  
[2.848s] -- Found Python3: /usr/bin/python3 (found version "3.12.3") found components: Interpreter Development NumPy Development.Module Development.Embed 
[2.881s] -- Added test 'copyright' to check source files copyright and LICENSE
[2.889s] -- Added test 'lint_cmake' to check CMake code style
[2.894s] -- Added test 'xmllint' to check XML markup files
[2.907s] -- Configuring done (2.9s)
[2.935s] -- Generating done (0.0s)
[2.944s] -- Build files have been written to: /home/robotics/pruebaservicio/ros2_ws/build/micro_ros_msgs
[2.950s] Invoked command in '/home/robotics/pruebaservicio/ros2_ws/build/micro_ros_msgs' returned '0': CMAKE_PREFIX_PATH=${CMAKE_PREFIX_PATH}:/home/robotics/pruebaservicio/ros2_ws/install/mi_primer_paquete:/opt/ros/jazzy DEBUGINFOD_URLS=https://debuginfod.ubuntu.com /usr/bin/cmake /home/robotics/pruebaservicio/ros2_ws/src/micro_ros_msgs -DCMAKE_INSTALL_PREFIX=/home/robotics/pruebaservicio/ros2_ws/install/micro_ros_msgs
[2.951s] Invoking command in '/home/robotics/pruebaservicio/ros2_ws/build/micro_ros_msgs': CMAKE_PREFIX_PATH=${CMAKE_PREFIX_PATH}:/home/robotics/pruebaservicio/ros2_ws/install/mi_primer_paquete:/opt/ros/jazzy DEBUGINFOD_URLS=https://debuginfod.ubuntu.com /usr/bin/cmake --build /home/robotics/pruebaservicio/ros2_ws/build/micro_ros_msgs -- -j8 -l8
[2.986s] [  1%] [34m[1mGenerating type hashes for ROS interfaces[0m
[2.993s] [  1%] Built target ament_cmake_python_copy_micro_ros_msgs
[3.175s] [  1%] Built target micro_ros_msgs__rosidl_generator_type_description
[3.183s] [  3%] [34m[1mGenerating C code for ROS interfaces[0m
[3.190s] [  5%] [34m[1mGenerating C++ code for ROS interfaces[0m
[3.221s] running egg_info
[3.221s] creating micro_ros_msgs.egg-info
[3.247s] writing micro_ros_msgs.egg-info/PKG-INFO
[3.248s] writing dependency_links to micro_ros_msgs.egg-info/dependency_links.txt
[3.248s] writing top-level names to micro_ros_msgs.egg-info/top_level.txt
[3.248s] writing manifest file 'micro_ros_msgs.egg-info/SOURCES.txt'
[3.325s] reading manifest file 'micro_ros_msgs.egg-info/SOURCES.txt'
[3.325s] writing manifest file 'micro_ros_msgs.egg-info/SOURCES.txt'
[3.347s] [  5%] Built target ament_cmake_python_build_micro_ros_msgs_egg
[3.457s] [  5%] Built target micro_ros_msgs__cpp
[3.498s] [  9%] [32mBuilding C object CMakeFiles/micro_ros_msgs__rosidl_generator_c.dir/rosidl_generator_c/micro_ros_msgs/msg/detail/node__description.c.o[0m
[3.498s] [  9%] [32mBuilding C object CMakeFiles/micro_ros_msgs__rosidl_generator_c.dir/rosidl_generator_c/micro_ros_msgs/msg/detail/graph__type_support.c.o[0m
[3.498s] [ 11%] [32mBuilding C object CMakeFiles/micro_ros_msgs__rosidl_generator_c.dir/rosidl_generator_c/micro_ros_msgs/msg/detail/node__type_support.c.o[0m
[3.498s] [ 12%] [32mBuilding C object CMakeFiles/micro_ros_msgs__rosidl_generator_c.dir/rosidl_generator_c/micro_ros_msgs/msg/detail/graph__description.c.o[0m
[3.499s] [ 14%] [32mBuilding C object CMakeFiles/micro_ros_msgs__rosidl_generator_c.dir/rosidl_generator_c/micro_ros_msgs/msg/detail/node__functions.c.o[0m
[3.504s] [ 16%] [32mBuilding C object CMakeFiles/micro_ros_msgs__rosidl_generator_c.dir/rosidl_generator_c/micro_ros_msgs/msg/detail/entity__description.c.o[0m
[3.505s] [ 18%] [32mBuilding C object CMakeFiles/micro_ros_msgs__rosidl_generator_c.dir/rosidl_generator_c/micro_ros_msgs/msg/detail/graph__functions.c.o[0m
[3.509s] [ 20%] [32mBuilding C object CMakeFiles/micro_ros_msgs__rosidl_generator_c.dir/rosidl_generator_c/micro_ros_msgs/msg/detail/entity__functions.c.o[0m
[3.531s] [ 22%] [32mBuilding C object CMakeFiles/micro_ros_msgs__rosidl_generator_c.dir/rosidl_generator_c/micro_ros_msgs/msg/detail/entity__type_support.c.o[0m
[3.561s] [ 24%] [32m[1mLinking C shared library libmicro_ros_msgs__rosidl_generator_c.so[0m
[3.655s] [ 24%] Built target micro_ros_msgs__rosidl_generator_c
[3.665s] [ 29%] [34m[1mGenerating C type support for eProsima Fast-RTPS[0m
[3.665s] [ 29%] [34m[1mGenerating C introspection for ROS interfaces[0m
[3.665s] [ 31%] [34m[1mGenerating C type support dispatch for ROS interfaces[0m
[3.665s] [ 31%] [34m[1mGenerating C++ introspection for ROS interfaces[0m
[3.665s] [ 33%] [34m[1mGenerating C++ type support dispatch for ROS interfaces[0m
[3.666s] [ 35%] [34m[1mGenerating C++ type support for eProsima Fast-RTPS[0m
[3.900s] [ 38%] [32mBuilding CXX object CMakeFiles/micro_ros_msgs__rosidl_typesupport_cpp.dir/rosidl_typesupport_cpp/micro_ros_msgs/msg/entity__type_support.cpp.o[0m
[3.900s] [ 38%] [32mBuilding CXX object CMakeFiles/micro_ros_msgs__rosidl_typesupport_cpp.dir/rosidl_typesupport_cpp/micro_ros_msgs/msg/graph__type_support.cpp.o[0m
[3.900s] [ 40%] [32mBuilding CXX object CMakeFiles/micro_ros_msgs__rosidl_typesupport_cpp.dir/rosidl_typesupport_cpp/micro_ros_msgs/msg/node__type_support.cpp.o[0m
[3.908s] [ 42%] [32mBuilding CXX object CMakeFiles/micro_ros_msgs__rosidl_typesupport_c.dir/rosidl_typesupport_c/micro_ros_msgs/msg/graph__type_support.cpp.o[0m
[3.946s] [ 44%] [32mBuilding CXX object CMakeFiles/micro_ros_msgs__rosidl_typesupport_c.dir/rosidl_typesupport_c/micro_ros_msgs/msg/node__type_support.cpp.o[0m
[3.952s] [ 46%] [32mBuilding CXX object CMakeFiles/micro_ros_msgs__rosidl_typesupport_introspection_cpp.dir/rosidl_typesupport_introspection_cpp/micro_ros_msgs/msg/detail/graph__type_support.cpp.o[0m
[3.971s] [ 48%] [32mBuilding C object CMakeFiles/micro_ros_msgs__rosidl_typesupport_introspection_c.dir/rosidl_typesupport_introspection_c/micro_ros_msgs/msg/detail/graph__type_support.c.o[0m
[3.980s] [ 50%] [32mBuilding CXX object CMakeFiles/micro_ros_msgs__rosidl_typesupport_c.dir/rosidl_typesupport_c/micro_ros_msgs/msg/entity__type_support.cpp.o[0m
[4.004s] [ 51%] [32mBuilding CXX object CMakeFiles/micro_ros_msgs__rosidl_typesupport_fastrtps_cpp.dir/rosidl_typesupport_fastrtps_cpp/micro_ros_msgs/msg/detail/dds_fastrtps/graph__type_support.cpp.o[0m
[4.006s] [ 53%] [32mBuilding C object CMakeFiles/micro_ros_msgs__rosidl_typesupport_introspection_c.dir/rosidl_typesupport_introspection_c/micro_ros_msgs/msg/detail/node__type_support.c.o[0m
[4.015s] [ 55%] [32mBuilding CXX object CMakeFiles/micro_ros_msgs__rosidl_typesupport_fastrtps_c.dir/rosidl_typesupport_fastrtps_c/micro_ros_msgs/msg/detail/graph__type_support_c.cpp.o[0m
[4.026s] [ 57%] [32m[1mLinking CXX shared library libmicro_ros_msgs__rosidl_typesupport_c.so[0m
[4.041s] [ 59%] [32mBuilding C object CMakeFiles/micro_ros_msgs__rosidl_typesupport_introspection_c.dir/rosidl_typesupport_introspection_c/micro_ros_msgs/msg/detail/entity__type_support.c.o[0m
[4.070s] [ 59%] Built target micro_ros_msgs__rosidl_typesupport_c
[4.078s] [ 61%] [32m[1mLinking C shared library libmicro_ros_msgs__rosidl_typesupport_introspection_c.so[0m
[4.078s] [ 62%] [32mBuilding CXX object CMakeFiles/micro_ros_msgs__rosidl_typesupport_fastrtps_c.dir/rosidl_typesupport_fastrtps_c/micro_ros_msgs/msg/detail/node__type_support_c.cpp.o[0m
[4.111s] [ 62%] Built target micro_ros_msgs__rosidl_typesupport_introspection_c
[4.119s] [ 64%] [32mBuilding CXX object CMakeFiles/micro_ros_msgs__rosidl_typesupport_fastrtps_cpp.dir/rosidl_typesupport_fastrtps_cpp/micro_ros_msgs/msg/detail/dds_fastrtps/node__type_support.cpp.o[0m
[4.171s] [ 66%] [32mBuilding CXX object CMakeFiles/micro_ros_msgs__rosidl_typesupport_fastrtps_c.dir/rosidl_typesupport_fastrtps_c/micro_ros_msgs/msg/detail/entity__type_support_c.cpp.o[0m
[4.180s] [ 68%] [32mBuilding CXX object CMakeFiles/micro_ros_msgs__rosidl_typesupport_introspection_cpp.dir/rosidl_typesupport_introspection_cpp/micro_ros_msgs/msg/detail/node__type_support.cpp.o[0m
[4.180s] [ 70%] [32m[1mLinking CXX shared library libmicro_ros_msgs__rosidl_typesupport_cpp.so[0m
[4.217s] [ 70%] Built target micro_ros_msgs__rosidl_typesupport_cpp
[4.225s] [ 72%] [32mBuilding CXX object CMakeFiles/micro_ros_msgs__rosidl_typesupport_fastrtps_cpp.dir/rosidl_typesupport_fastrtps_cpp/micro_ros_msgs/msg/detail/dds_fastrtps/entity__type_support.cpp.o[0m
[4.392s] [ 74%] [32mBuilding CXX object CMakeFiles/micro_ros_msgs__rosidl_typesupport_introspection_cpp.dir/rosidl_typesupport_introspection_cpp/micro_ros_msgs/msg/detail/entity__type_support.cpp.o[0m
[4.576s] [ 75%] [32m[1mLinking CXX shared library libmicro_ros_msgs__rosidl_typesupport_fastrtps_c.so[0m
[4.639s] [ 75%] Built target micro_ros_msgs__rosidl_typesupport_fastrtps_c
[4.662s] [ 77%] [32m[1mLinking CXX shared library libmicro_ros_msgs__rosidl_typesupport_fastrtps_cpp.so[0m
[4.683s] [ 79%] [32m[1mLinking CXX shared library libmicro_ros_msgs__rosidl_typesupport_introspection_cpp.so[0m
[4.724s] [ 79%] Built target micro_ros_msgs__rosidl_typesupport_fastrtps_cpp
[4.744s] [ 79%] Built target micro_ros_msgs__rosidl_typesupport_introspection_cpp
[4.759s] [ 79%] Built target micro_ros_msgs
[4.773s] [ 81%] [34m[1mGenerating Python code for ROS interfaces[0m
[5.155s] [ 81%] Built target micro_ros_msgs__py
[5.170s] [ 87%] [32mBuilding C object CMakeFiles/micro_ros_msgs__rosidl_generator_py.dir/rosidl_generator_py/micro_ros_msgs/msg/_node_s.c.o[0m
[5.170s] [ 87%] [32mBuilding C object CMakeFiles/micro_ros_msgs__rosidl_generator_py.dir/rosidl_generator_py/micro_ros_msgs/msg/_graph_s.c.o[0m
[5.170s] [ 87%] [32mBuilding C object CMakeFiles/micro_ros_msgs__rosidl_generator_py.dir/rosidl_generator_py/micro_ros_msgs/msg/_entity_s.c.o[0m
[5.341s] [ 88%] [32m[1mLinking C shared library libmicro_ros_msgs__rosidl_generator_py.so[0m
[5.374s] [ 88%] Built target micro_ros_msgs__rosidl_generator_py
[5.390s] [ 94%] [32mBuilding C object CMakeFiles/micro_ros_msgs_s__rosidl_typesupport_c.dir/rosidl_generator_py/micro_ros_msgs/_micro_ros_msgs_s.ep.rosidl_typesupport_c.c.o[0m
[5.390s] [ 94%] [32mBuilding C object CMakeFiles/micro_ros_msgs_s__rosidl_typesupport_introspection_c.dir/rosidl_generator_py/micro_ros_msgs/_micro_ros_msgs_s.ep.rosidl_typesupport_introspection_c.c.o[0m
[5.390s] [ 94%] [32mBuilding C object CMakeFiles/micro_ros_msgs_s__rosidl_typesupport_fastrtps_c.dir/rosidl_generator_py/micro_ros_msgs/_micro_ros_msgs_s.ep.rosidl_typesupport_fastrtps_c.c.o[0m
[5.471s] [ 98%] [32m[1mLinking C shared module rosidl_generator_py/micro_ros_msgs/micro_ros_msgs_s__rosidl_typesupport_c.so[0m
[5.471s] [ 98%] [32m[1mLinking C shared module rosidl_generator_py/micro_ros_msgs/micro_ros_msgs_s__rosidl_typesupport_introspection_c.so[0m
[5.473s] [100%] [32m[1mLinking C shared module rosidl_generator_py/micro_ros_msgs/micro_ros_msgs_s__rosidl_typesupport_fastrtps_c.so[0m
[5.494s] [100%] Built target micro_ros_msgs_s__rosidl_typesupport_c
[5.561s] [100%] Built target micro_ros_msgs_s__rosidl_typesupport_introspection_c
[5.561s] [100%] Built target micro_ros_msgs_s__rosidl_typesupport_fastrtps_c
[5.572s] Invoked command in '/home/robotics/pruebaservicio/ros2_ws/build/micro_ros_msgs' returned '0': CMAKE_PREFIX_PATH=${CMAKE_PREFIX_PATH}:/home/robotics/pruebaservicio/ros2_ws/install/mi_primer_paquete:/opt/ros/jazzy DEBUGINFOD_URLS=https://debuginfod.ubuntu.com /usr/bin/cmake --build /home/robotics/pruebaservicio/ros2_ws/build/micro_ros_msgs -- -j8 -l8
[5.581s] Invoking command in '/home/robotics/pruebaservicio/ros2_ws/build/micro_ros_msgs': CMAKE_PREFIX_PATH=${CMAKE_PREFIX_PATH}:/home/robotics/pruebaservicio/ros2_ws/install/mi_primer_paquete:/opt/ros/jazzy DEBUGINFOD_URLS=https://debuginfod.ubuntu.com /usr/bin/cmake --install /home/robotics/pruebaservicio/ros2_ws/build/micro_ros_msgs
[5.588s] -- Install configuration: ""
[5.589s] -- Installing: /home/robotics/pruebaservicio/ros2_ws/install/micro_ros_msgs/share/ament_index/resource_index/rosidl_interfaces/micro_ros_msgs
[5.589s] -- Installing: /home/robotics/pruebaservicio/ros2_ws/install/micro_ros_msgs/share/micro_ros_msgs/msg/Graph.json
[5.589s] -- Installing: /home/robotics/pruebaservicio/ros2_ws/install/micro_ros_msgs/share/micro_ros_msgs/msg/Node.json
[5.589s] -- Installing: /home/robotics/pruebaservicio/ros2_ws/install/micro_ros_msgs/share/micro_ros_msgs/msg/Entity.json
[5.589s] -- Installing: /home/robotics/pruebaservicio/ros2_ws/install/micro_ros_msgs/include/micro_ros_msgs/micro_ros_msgs
[5.589s] -- Installing: /home/robotics/pruebaservicio/ros2_ws/install/micro_ros_msgs/include/micro_ros_msgs/micro_ros_msgs/msg
[5.589s] -- Installing: /home/robotics/pruebaservicio/ros2_ws/install/micro_ros_msgs/include/micro_ros_msgs/micro_ros_msgs/msg/graph.h
[5.590s] -- Installing: /home/robotics/pruebaservicio/ros2_ws/install/micro_ros_msgs/include/micro_ros_msgs/micro_ros_msgs/msg/entity.h
[5.590s] -- Installing: /home/robotics/pruebaservicio/ros2_ws/install/micro_ros_msgs/include/micro_ros_msgs/micro_ros_msgs/msg/detail
[5.590s] -- Installing: /home/robotics/pruebaservicio/ros2_ws/install/micro_ros_msgs/include/micro_ros_msgs/micro_ros_msgs/msg/detail/entity__functions.h
[5.590s] -- Installing: /home/robotics/pruebaservicio/ros2_ws/install/micro_ros_msgs/include/micro_ros_msgs/micro_ros_msgs/msg/detail/graph__description.c
[5.590s] -- Installing: /home/robotics/pruebaservicio/ros2_ws/install/micro_ros_msgs/include/micro_ros_msgs/micro_ros_msgs/msg/detail/graph__type_support.h
[5.590s] -- Installing: /home/robotics/pruebaservicio/ros2_ws/install/micro_ros_msgs/include/micro_ros_msgs/micro_ros_msgs/msg/detail/graph__functions.c
[5.590s] -- Installing: /home/robotics/pruebaservicio/ros2_ws/install/micro_ros_msgs/include/micro_ros_msgs/micro_ros_msgs/msg/detail/graph__functions.h
[5.590s] -- Installing: /home/robotics/pruebaservicio/ros2_ws/install/micro_ros_msgs/include/micro_ros_msgs/micro_ros_msgs/msg/detail/graph__struct.h
[5.590s] -- Installing: /home/robotics/pruebaservicio/ros2_ws/install/micro_ros_msgs/include/micro_ros_msgs/micro_ros_msgs/msg/detail/entity__type_support.h
[5.590s] -- Installing: /home/robotics/pruebaservicio/ros2_ws/install/micro_ros_msgs/include/micro_ros_msgs/micro_ros_msgs/msg/detail/graph__type_support.c
[5.590s] -- Installing: /home/robotics/pruebaservicio/ros2_ws/install/micro_ros_msgs/include/micro_ros_msgs/micro_ros_msgs/msg/detail/node__functions.h
[5.591s] -- Installing: /home/robotics/pruebaservicio/ros2_ws/install/micro_ros_msgs/include/micro_ros_msgs/micro_ros_msgs/msg/detail/node__functions.c
[5.591s] -- Installing: /home/robotics/pruebaservicio/ros2_ws/install/micro_ros_msgs/include/micro_ros_msgs/micro_ros_msgs/msg/detail/node__description.c
[5.591s] -- Installing: /home/robotics/pruebaservicio/ros2_ws/install/micro_ros_msgs/include/micro_ros_msgs/micro_ros_msgs/msg/detail/entity__description.c
[5.591s] -- Installing: /home/robotics/pruebaservicio/ros2_ws/install/micro_ros_msgs/include/micro_ros_msgs/micro_ros_msgs/msg/detail/entity__type_support.c
[5.591s] -- Installing: /home/robotics/pruebaservicio/ros2_ws/install/micro_ros_msgs/include/micro_ros_msgs/micro_ros_msgs/msg/detail/node__type_support.c
[5.591s] -- Installing: /home/robotics/pruebaservicio/ros2_ws/install/micro_ros_msgs/include/micro_ros_msgs/micro_ros_msgs/msg/detail/entity__functions.c
[5.591s] -- Installing: /home/robotics/pruebaservicio/ros2_ws/install/micro_ros_msgs/include/micro_ros_msgs/micro_ros_msgs/msg/detail/node__type_support.h
[5.591s] -- Installing: /home/robotics/pruebaservicio/ros2_ws/install/micro_ros_msgs/include/micro_ros_msgs/micro_ros_msgs/msg/detail/entity__struct.h
[5.591s] -- Installing: /home/robotics/pruebaservicio/ros2_ws/install/micro_ros_msgs/include/micro_ros_msgs/micro_ros_msgs/msg/detail/node__struct.h
[5.591s] -- Installing: /home/robotics/pruebaservicio/ros2_ws/install/micro_ros_msgs/include/micro_ros_msgs/micro_ros_msgs/msg/node.h
[5.591s] -- Installing: /home/robotics/pruebaservicio/ros2_ws/install/micro_ros_msgs/include/micro_ros_msgs/micro_ros_msgs/msg/rosidl_generator_c__visibility_control.h
[5.592s] -- Installing: /home/robotics/pruebaservicio/ros2_ws/install/micro_ros_msgs/share/micro_ros_msgs/environment/library_path.sh
[5.592s] -- Installing: /home/robotics/pruebaservicio/ros2_ws/install/micro_ros_msgs/share/micro_ros_msgs/environment/library_path.dsv
[5.592s] -- Installing: /home/robotics/pruebaservicio/ros2_ws/install/micro_ros_msgs/lib/libmicro_ros_msgs__rosidl_generator_c.so
[5.592s] -- Set non-toolchain portion of runtime path of "/home/robotics/pruebaservicio/ros2_ws/install/micro_ros_msgs/lib/libmicro_ros_msgs__rosidl_generator_c.so" to ""
[5.592s] -- Up-to-date: /home/robotics/pruebaservicio/ros2_ws/install/micro_ros_msgs/include/micro_ros_msgs/micro_ros_msgs
[5.592s] -- Up-to-date: /home/robotics/pruebaservicio/ros2_ws/install/micro_ros_msgs/include/micro_ros_msgs/micro_ros_msgs/msg
[5.592s] -- Up-to-date: /home/robotics/pruebaservicio/ros2_ws/install/micro_ros_msgs/include/micro_ros_msgs/micro_ros_msgs/msg/detail
[5.593s] -- Installing: /home/robotics/pruebaservicio/ros2_ws/install/micro_ros_msgs/include/micro_ros_msgs/micro_ros_msgs/msg/detail/node__rosidl_typesupport_fastrtps_c.h
[5.593s] -- Installing: /home/robotics/pruebaservicio/ros2_ws/install/micro_ros_msgs/include/micro_ros_msgs/micro_ros_msgs/msg/detail/entity__rosidl_typesupport_fastrtps_c.h
[5.593s] -- Installing: /home/robotics/pruebaservicio/ros2_ws/install/micro_ros_msgs/include/micro_ros_msgs/micro_ros_msgs/msg/detail/graph__rosidl_typesupport_fastrtps_c.h
[5.593s] -- Installing: /home/robotics/pruebaservicio/ros2_ws/install/micro_ros_msgs/include/micro_ros_msgs/micro_ros_msgs/msg/rosidl_typesupport_fastrtps_c__visibility_control.h
[5.593s] -- Installing: /home/robotics/pruebaservicio/ros2_ws/install/micro_ros_msgs/lib/libmicro_ros_msgs__rosidl_typesupport_fastrtps_c.so
[5.593s] -- Set non-toolchain portion of runtime path of "/home/robotics/pruebaservicio/ros2_ws/install/micro_ros_msgs/lib/libmicro_ros_msgs__rosidl_typesupport_fastrtps_c.so" to ""
[5.593s] -- Up-to-date: /home/robotics/pruebaservicio/ros2_ws/install/micro_ros_msgs/include/micro_ros_msgs/micro_ros_msgs
[5.593s] -- Up-to-date: /home/robotics/pruebaservicio/ros2_ws/install/micro_ros_msgs/include/micro_ros_msgs/micro_ros_msgs/msg
[5.593s] -- Up-to-date: /home/robotics/pruebaservicio/ros2_ws/install/micro_ros_msgs/include/micro_ros_msgs/micro_ros_msgs/msg/detail
[5.593s] -- Installing: /home/robotics/pruebaservicio/ros2_ws/install/micro_ros_msgs/include/micro_ros_msgs/micro_ros_msgs/msg/detail/entity__rosidl_typesupport_introspection_c.h
[5.593s] -- Installing: /home/robotics/pruebaservicio/ros2_ws/install/micro_ros_msgs/include/micro_ros_msgs/micro_ros_msgs/msg/detail/graph__rosidl_typesupport_introspection_c.h
[5.594s] -- Installing: /home/robotics/pruebaservicio/ros2_ws/install/micro_ros_msgs/include/micro_ros_msgs/micro_ros_msgs/msg/detail/graph__type_support.c
[5.594s] -- Installing: /home/robotics/pruebaservicio/ros2_ws/install/micro_ros_msgs/include/micro_ros_msgs/micro_ros_msgs/msg/detail/entity__type_support.c
[5.594s] -- Installing: /home/robotics/pruebaservicio/ros2_ws/install/micro_ros_msgs/include/micro_ros_msgs/micro_ros_msgs/msg/detail/node__type_support.c
[5.594s] -- Installing: /home/robotics/pruebaservicio/ros2_ws/install/micro_ros_msgs/include/micro_ros_msgs/micro_ros_msgs/msg/detail/node__rosidl_typesupport_introspection_c.h
[5.594s] -- Installing: /home/robotics/pruebaservicio/ros2_ws/install/micro_ros_msgs/include/micro_ros_msgs/micro_ros_msgs/msg/rosidl_typesupport_introspection_c__visibility_control.h
[5.594s] -- Installing: /home/robotics/pruebaservicio/ros2_ws/install/micro_ros_msgs/lib/libmicro_ros_msgs__rosidl_typesupport_introspection_c.so
[5.594s] -- Set non-toolchain portion of runtime path of "/home/robotics/pruebaservicio/ros2_ws/install/micro_ros_msgs/lib/libmicro_ros_msgs__rosidl_typesupport_introspection_c.so" to ""
[5.594s] -- Installing: /home/robotics/pruebaservicio/ros2_ws/install/micro_ros_msgs/lib/libmicro_ros_msgs__rosidl_typesupport_c.so
[5.594s] -- Set non-toolchain portion of runtime path of "/home/robotics/pruebaservicio/ros2_ws/install/micro_ros_msgs/lib/libmicro_ros_msgs__rosidl_typesupport_c.so" to ""
[5.595s] -- Up-to-date: /home/robotics/pruebaservicio/ros2_ws/install/micro_ros_msgs/include/micro_ros_msgs/micro_ros_msgs
[5.595s] -- Up-to-date: /home/robotics/pruebaservicio/ros2_ws/install/micro_ros_msgs/include/micro_ros_msgs/micro_ros_msgs/msg
[5.595s] -- Up-to-date: /home/robotics/pruebaservicio/ros2_ws/install/micro_ros_msgs/include/micro_ros_msgs/micro_ros_msgs/msg/detail
[5.595s] -- Installing: /home/robotics/pruebaservicio/ros2_ws/install/micro_ros_msgs/include/micro_ros_msgs/micro_ros_msgs/msg/detail/entity__traits.hpp
[5.595s] -- Installing: /home/robotics/pruebaservicio/ros2_ws/install/micro_ros_msgs/include/micro_ros_msgs/micro_ros_msgs/msg/detail/graph__struct.hpp
[5.595s] -- Installing: /home/robotics/pruebaservicio/ros2_ws/install/micro_ros_msgs/include/micro_ros_msgs/micro_ros_msgs/msg/detail/graph__traits.hpp
[5.595s] -- Installing: /home/robotics/pruebaservicio/ros2_ws/install/micro_ros_msgs/include/micro_ros_msgs/micro_ros_msgs/msg/detail/entity__struct.hpp
[5.595s] -- Installing: /home/robotics/pruebaservicio/ros2_ws/install/micro_ros_msgs/include/micro_ros_msgs/micro_ros_msgs/msg/detail/graph__type_support.hpp
[5.595s] -- Installing: /home/robotics/pruebaservicio/ros2_ws/install/micro_ros_msgs/include/micro_ros_msgs/micro_ros_msgs/msg/detail/entity__type_support.hpp
[5.595s] -- Installing: /home/robotics/pruebaservicio/ros2_ws/install/micro_ros_msgs/include/micro_ros_msgs/micro_ros_msgs/msg/detail/graph__builder.hpp
[5.595s] -- Installing: /home/robotics/pruebaservicio/ros2_ws/install/micro_ros_msgs/include/micro_ros_msgs/micro_ros_msgs/msg/detail/node__struct.hpp
[5.596s] -- Installing: /home/robotics/pruebaservicio/ros2_ws/install/micro_ros_msgs/include/micro_ros_msgs/micro_ros_msgs/msg/detail/node__traits.hpp
[5.596s] -- Installing: /home/robotics/pruebaservicio/ros2_ws/install/micro_ros_msgs/include/micro_ros_msgs/micro_ros_msgs/msg/detail/node__type_support.hpp
[5.596s] -- Installing: /home/robotics/pruebaservicio/ros2_ws/install/micro_ros_msgs/include/micro_ros_msgs/micro_ros_msgs/msg/detail/entity__builder.hpp
[5.596s] -- Installing: /home/robotics/pruebaservicio/ros2_ws/install/micro_ros_msgs/include/micro_ros_msgs/micro_ros_msgs/msg/detail/node__builder.hpp
[5.596s] -- Installing: /home/robotics/pruebaservicio/ros2_ws/install/micro_ros_msgs/include/micro_ros_msgs/micro_ros_msgs/msg/rosidl_generator_cpp__visibility_control.hpp
[5.596s] -- Installing: /home/robotics/pruebaservicio/ros2_ws/install/micro_ros_msgs/include/micro_ros_msgs/micro_ros_msgs/msg/entity.hpp
[5.596s] -- Installing: /home/robotics/pruebaservicio/ros2_ws/install/micro_ros_msgs/include/micro_ros_msgs/micro_ros_msgs/msg/node.hpp
[5.596s] -- Installing: /home/robotics/pruebaservicio/ros2_ws/install/micro_ros_msgs/include/micro_ros_msgs/micro_ros_msgs/msg/graph.hpp
[5.596s] -- Up-to-date: /home/robotics/pruebaservicio/ros2_ws/install/micro_ros_msgs/include/micro_ros_msgs/micro_ros_msgs
[5.596s] -- Up-to-date: /home/robotics/pruebaservicio/ros2_ws/install/micro_ros_msgs/include/micro_ros_msgs/micro_ros_msgs/msg
[5.596s] -- Installing: /home/robotics/pruebaservicio/ros2_ws/install/micro_ros_msgs/include/micro_ros_msgs/micro_ros_msgs/msg/rosidl_typesupport_fastrtps_cpp__visibility_control.h
[5.597s] -- Up-to-date: /home/robotics/pruebaservicio/ros2_ws/install/micro_ros_msgs/include/micro_ros_msgs/micro_ros_msgs/msg/detail
[5.597s] -- Installing: /home/robotics/pruebaservicio/ros2_ws/install/micro_ros_msgs/include/micro_ros_msgs/micro_ros_msgs/msg/detail/node__rosidl_typesupport_fastrtps_cpp.hpp
[5.597s] -- Installing: /home/robotics/pruebaservicio/ros2_ws/install/micro_ros_msgs/include/micro_ros_msgs/micro_ros_msgs/msg/detail/graph__rosidl_typesupport_fastrtps_cpp.hpp
[5.597s] -- Installing: /home/robotics/pruebaservicio/ros2_ws/install/micro_ros_msgs/include/micro_ros_msgs/micro_ros_msgs/msg/detail/dds_fastrtps
[5.597s] -- Installing: /home/robotics/pruebaservicio/ros2_ws/install/micro_ros_msgs/include/micro_ros_msgs/micro_ros_msgs/msg/detail/entity__rosidl_typesupport_fastrtps_cpp.hpp
[5.597s] -- Installing: /home/robotics/pruebaservicio/ros2_ws/install/micro_ros_msgs/lib/libmicro_ros_msgs__rosidl_typesupport_fastrtps_cpp.so
[5.597s] -- Set non-toolchain portion of runtime path of "/home/robotics/pruebaservicio/ros2_ws/install/micro_ros_msgs/lib/libmicro_ros_msgs__rosidl_typesupport_fastrtps_cpp.so" to ""
[5.597s] -- Up-to-date: /home/robotics/pruebaservicio/ros2_ws/install/micro_ros_msgs/include/micro_ros_msgs/micro_ros_msgs
[5.597s] -- Up-to-date: /home/robotics/pruebaservicio/ros2_ws/install/micro_ros_msgs/include/micro_ros_msgs/micro_ros_msgs/msg
[5.598s] -- Up-to-date: /home/robotics/pruebaservicio/ros2_ws/install/micro_ros_msgs/include/micro_ros_msgs/micro_ros_msgs/msg/detail
[5.598s] -- Installing: /home/robotics/pruebaservicio/ros2_ws/install/micro_ros_msgs/include/micro_ros_msgs/micro_ros_msgs/msg/detail/entity__type_support.cpp
[5.598s] -- Installing: /home/robotics/pruebaservicio/ros2_ws/install/micro_ros_msgs/include/micro_ros_msgs/micro_ros_msgs/msg/detail/node__type_support.cpp
[5.598s] -- Installing: /home/robotics/pruebaservicio/ros2_ws/install/micro_ros_msgs/include/micro_ros_msgs/micro_ros_msgs/msg/detail/node__rosidl_typesupport_introspection_cpp.hpp
[5.598s] -- Installing: /home/robotics/pruebaservicio/ros2_ws/install/micro_ros_msgs/include/micro_ros_msgs/micro_ros_msgs/msg/detail/graph__type_support.cpp
[5.598s] -- Installing: /home/robotics/pruebaservicio/ros2_ws/install/micro_ros_msgs/include/micro_ros_msgs/micro_ros_msgs/msg/detail/graph__rosidl_typesupport_introspection_cpp.hpp
[5.598s] -- Installing: /home/robotics/pruebaservicio/ros2_ws/install/micro_ros_msgs/include/micro_ros_msgs/micro_ros_msgs/msg/detail/entity__rosidl_typesupport_introspection_cpp.hpp
[5.598s] -- Installing: /home/robotics/pruebaservicio/ros2_ws/install/micro_ros_msgs/lib/libmicro_ros_msgs__rosidl_typesupport_introspection_cpp.so
[5.598s] -- Set non-toolchain portion of runtime path of "/home/robotics/pruebaservicio/ros2_ws/install/micro_ros_msgs/lib/libmicro_ros_msgs__rosidl_typesupport_introspection_cpp.so" to ""
[5.598s] -- Installing: /home/robotics/pruebaservicio/ros2_ws/install/micro_ros_msgs/lib/libmicro_ros_msgs__rosidl_typesupport_cpp.so
[5.599s] -- Set non-toolchain portion of runtime path of "/home/robotics/pruebaservicio/ros2_ws/install/micro_ros_msgs/lib/libmicro_ros_msgs__rosidl_typesupport_cpp.so" to ""
[5.599s] -- Installing: /home/robotics/pruebaservicio/ros2_ws/install/micro_ros_msgs/share/micro_ros_msgs/environment/pythonpath.sh
[5.599s] -- Installing: /home/robotics/pruebaservicio/ros2_ws/install/micro_ros_msgs/share/micro_ros_msgs/environment/pythonpath.dsv
[5.599s] -- Installing: /home/robotics/pruebaservicio/ros2_ws/install/micro_ros_msgs/lib/python3.12/site-packages/micro_ros_msgs-5.0.2-py3.12.egg-info
[5.599s] -- Installing: /home/robotics/pruebaservicio/ros2_ws/install/micro_ros_msgs/lib/python3.12/site-packages/micro_ros_msgs-5.0.2-py3.12.egg-info/PKG-INFO
[5.599s] -- Installing: /home/robotics/pruebaservicio/ros2_ws/install/micro_ros_msgs/lib/python3.12/site-packages/micro_ros_msgs-5.0.2-py3.12.egg-info/top_level.txt
[5.599s] -- Installing: /home/robotics/pruebaservicio/ros2_ws/install/micro_ros_msgs/lib/python3.12/site-packages/micro_ros_msgs-5.0.2-py3.12.egg-info/SOURCES.txt
[5.600s] -- Installing: /home/robotics/pruebaservicio/ros2_ws/install/micro_ros_msgs/lib/python3.12/site-packages/micro_ros_msgs-5.0.2-py3.12.egg-info/dependency_links.txt
[5.600s] -- Installing: /home/robotics/pruebaservicio/ros2_ws/install/micro_ros_msgs/lib/python3.12/site-packages/micro_ros_msgs
[5.600s] -- Installing: /home/robotics/pruebaservicio/ros2_ws/install/micro_ros_msgs/lib/python3.12/site-packages/micro_ros_msgs/__init__.py
[5.600s] -- Installing: /home/robotics/pruebaservicio/ros2_ws/install/micro_ros_msgs/lib/python3.12/site-packages/micro_ros_msgs/msg
[5.600s] -- Installing: /home/robotics/pruebaservicio/ros2_ws/install/micro_ros_msgs/lib/python3.12/site-packages/micro_ros_msgs/msg/_entity.py
[5.600s] -- Installing: /home/robotics/pruebaservicio/ros2_ws/install/micro_ros_msgs/lib/python3.12/site-packages/micro_ros_msgs/msg/__init__.py
[5.600s] -- Installing: /home/robotics/pruebaservicio/ros2_ws/install/micro_ros_msgs/lib/python3.12/site-packages/micro_ros_msgs/msg/_graph.py
[5.600s] -- Installing: /home/robotics/pruebaservicio/ros2_ws/install/micro_ros_msgs/lib/python3.12/site-packages/micro_ros_msgs/msg/_entity_s.c
[5.600s] -- Installing: /home/robotics/pruebaservicio/ros2_ws/install/micro_ros_msgs/lib/python3.12/site-packages/micro_ros_msgs/msg/_node_s.c
[5.600s] -- Installing: /home/robotics/pruebaservicio/ros2_ws/install/micro_ros_msgs/lib/python3.12/site-packages/micro_ros_msgs/msg/_node.py
[5.601s] -- Installing: /home/robotics/pruebaservicio/ros2_ws/install/micro_ros_msgs/lib/python3.12/site-packages/micro_ros_msgs/msg/_graph_s.c
[5.601s] -- Installing: /home/robotics/pruebaservicio/ros2_ws/install/micro_ros_msgs/lib/python3.12/site-packages/micro_ros_msgs/_micro_ros_msgs_s.ep.rosidl_typesupport_fastrtps_c.c
[5.601s] -- Installing: /home/robotics/pruebaservicio/ros2_ws/install/micro_ros_msgs/lib/python3.12/site-packages/micro_ros_msgs/_micro_ros_msgs_s.ep.rosidl_typesupport_c.c
[5.601s] -- Installing: /home/robotics/pruebaservicio/ros2_ws/install/micro_ros_msgs/lib/python3.12/site-packages/micro_ros_msgs/micro_ros_msgs_s__rosidl_typesupport_introspection_c.so
[5.601s] -- Installing: /home/robotics/pruebaservicio/ros2_ws/install/micro_ros_msgs/lib/python3.12/site-packages/micro_ros_msgs/_micro_ros_msgs_s.ep.rosidl_typesupport_introspection_c.c
[5.601s] -- Installing: /home/robotics/pruebaservicio/ros2_ws/install/micro_ros_msgs/lib/python3.12/site-packages/micro_ros_msgs/micro_ros_msgs_s__rosidl_typesupport_fastrtps_c.so
[5.601s] -- Installing: /home/robotics/pruebaservicio/ros2_ws/install/micro_ros_msgs/lib/python3.12/site-packages/micro_ros_msgs/micro_ros_msgs_s__rosidl_typesupport_c.so
[5.645s] Listing '/home/robotics/pruebaservicio/ros2_ws/install/micro_ros_msgs/lib/python3.12/site-packages/micro_ros_msgs'...
[5.645s] Compiling '/home/robotics/pruebaservicio/ros2_ws/install/micro_ros_msgs/lib/python3.12/site-packages/micro_ros_msgs/__init__.py'...
[5.646s] Listing '/home/robotics/pruebaservicio/ros2_ws/install/micro_ros_msgs/lib/python3.12/site-packages/micro_ros_msgs/msg'...
[5.646s] Compiling '/home/robotics/pruebaservicio/ros2_ws/install/micro_ros_msgs/lib/python3.12/site-packages/micro_ros_msgs/msg/__init__.py'...
[5.646s] Compiling '/home/robotics/pruebaservicio/ros2_ws/install/micro_ros_msgs/lib/python3.12/site-packages/micro_ros_msgs/msg/_entity.py'...
[5.646s] Compiling '/home/robotics/pruebaservicio/ros2_ws/install/micro_ros_msgs/lib/python3.12/site-packages/micro_ros_msgs/msg/_graph.py'...
[5.646s] Compiling '/home/robotics/pruebaservicio/ros2_ws/install/micro_ros_msgs/lib/python3.12/site-packages/micro_ros_msgs/msg/_node.py'...
[5.650s] -- Installing: /home/robotics/pruebaservicio/ros2_ws/install/micro_ros_msgs/lib/python3.12/site-packages/micro_ros_msgs/micro_ros_msgs_s__rosidl_typesupport_fastrtps_c.so
[5.650s] -- Set non-toolchain portion of runtime path of "/home/robotics/pruebaservicio/ros2_ws/install/micro_ros_msgs/lib/python3.12/site-packages/micro_ros_msgs/micro_ros_msgs_s__rosidl_typesupport_fastrtps_c.so" to ""
[5.651s] -- Installing: /home/robotics/pruebaservicio/ros2_ws/install/micro_ros_msgs/lib/python3.12/site-packages/micro_ros_msgs/micro_ros_msgs_s__rosidl_typesupport_introspection_c.so
[5.651s] -- Set non-toolchain portion of runtime path of "/home/robotics/pruebaservicio/ros2_ws/install/micro_ros_msgs/lib/python3.12/site-packages/micro_ros_msgs/micro_ros_msgs_s__rosidl_typesupport_introspection_c.so" to ""
[5.651s] -- Installing: /home/robotics/pruebaservicio/ros2_ws/install/micro_ros_msgs/lib/python3.12/site-packages/micro_ros_msgs/micro_ros_msgs_s__rosidl_typesupport_c.so
[5.651s] -- Set non-toolchain portion of runtime path of "/home/robotics/pruebaservicio/ros2_ws/install/micro_ros_msgs/lib/python3.12/site-packages/micro_ros_msgs/micro_ros_msgs_s__rosidl_typesupport_c.so" to ""
[5.651s] -- Installing: /home/robotics/pruebaservicio/ros2_ws/install/micro_ros_msgs/lib/libmicro_ros_msgs__rosidl_generator_py.so
[5.652s] -- Set non-toolchain portion of runtime path of "/home/robotics/pruebaservicio/ros2_ws/install/micro_ros_msgs/lib/libmicro_ros_msgs__rosidl_generator_py.so" to ""
[5.652s] -- Installing: /home/robotics/pruebaservicio/ros2_ws/install/micro_ros_msgs/share/micro_ros_msgs/msg/Graph.idl
[5.652s] -- Installing: /home/robotics/pruebaservicio/ros2_ws/install/micro_ros_msgs/share/micro_ros_msgs/msg/Node.idl
[5.652s] -- Installing: /home/robotics/pruebaservicio/ros2_ws/install/micro_ros_msgs/share/micro_ros_msgs/msg/Entity.idl
[5.652s] -- Installing: /home/robotics/pruebaservicio/ros2_ws/install/micro_ros_msgs/share/micro_ros_msgs/msg/Graph.msg
[5.652s] -- Installing: /home/robotics/pruebaservicio/ros2_ws/install/micro_ros_msgs/share/micro_ros_msgs/msg/Node.msg
[5.652s] -- Installing: /home/robotics/pruebaservicio/ros2_ws/install/micro_ros_msgs/share/micro_ros_msgs/msg/Entity.msg
[5.652s] -- Installing: /home/robotics/pruebaservicio/ros2_ws/install/micro_ros_msgs/share/ament_index/resource_index/package_run_dependencies/micro_ros_msgs
[5.652s] -- Installing: /home/robotics/pruebaservicio/ros2_ws/install/micro_ros_msgs/share/ament_index/resource_index/parent_prefix_path/micro_ros_msgs
[5.652s] -- Installing: /home/robotics/pruebaservicio/ros2_ws/install/micro_ros_msgs/share/micro_ros_msgs/environment/ament_prefix_path.sh
[5.652s] -- Installing: /home/robotics/pruebaservicio/ros2_ws/install/micro_ros_msgs/share/micro_ros_msgs/environment/ament_prefix_path.dsv
[5.653s] -- Installing: /home/robotics/pruebaservicio/ros2_ws/install/micro_ros_msgs/share/micro_ros_msgs/environment/path.sh
[5.653s] -- Installing: /home/robotics/pruebaservicio/ros2_ws/install/micro_ros_msgs/share/micro_ros_msgs/environment/path.dsv
[5.653s] -- Installing: /home/robotics/pruebaservicio/ros2_ws/install/micro_ros_msgs/share/micro_ros_msgs/local_setup.bash
[5.653s] -- Installing: /home/robotics/pruebaservicio/ros2_ws/install/micro_ros_msgs/share/micro_ros_msgs/local_setup.sh
[5.653s] -- Installing: /home/robotics/pruebaservicio/ros2_ws/install/micro_ros_msgs/share/micro_ros_msgs/local_setup.zsh
[5.653s] -- Installing: /home/robotics/pruebaservicio/ros2_ws/install/micro_ros_msgs/share/micro_ros_msgs/local_setup.dsv
[5.653s] -- Installing: /home/robotics/pruebaservicio/ros2_ws/install/micro_ros_msgs/share/micro_ros_msgs/package.dsv
[5.653s] -- Installing: /home/robotics/pruebaservicio/ros2_ws/install/micro_ros_msgs/share/ament_index/resource_index/packages/micro_ros_msgs
[5.653s] -- Installing: /home/robotics/pruebaservicio/ros2_ws/install/micro_ros_msgs/share/micro_ros_msgs/cmake/export_micro_ros_msgs__rosidl_generator_cExport.cmake
[5.653s] -- Installing: /home/robotics/pruebaservicio/ros2_ws/install/micro_ros_msgs/share/micro_ros_msgs/cmake/export_micro_ros_msgs__rosidl_generator_cExport-noconfig.cmake
[5.654s] -- Installing: /home/robotics/pruebaservicio/ros2_ws/install/micro_ros_msgs/share/micro_ros_msgs/cmake/export_micro_ros_msgs__rosidl_typesupport_fastrtps_cExport.cmake
[5.654s] -- Installing: /home/robotics/pruebaservicio/ros2_ws/install/micro_ros_msgs/share/micro_ros_msgs/cmake/export_micro_ros_msgs__rosidl_typesupport_fastrtps_cExport-noconfig.cmake
[5.654s] -- Installing: /home/robotics/pruebaservicio/ros2_ws/install/micro_ros_msgs/share/micro_ros_msgs/cmake/micro_ros_msgs__rosidl_typesupport_introspection_cExport.cmake
[5.654s] -- Installing: /home/robotics/pruebaservicio/ros2_ws/install/micro_ros_msgs/share/micro_ros_msgs/cmake/micro_ros_msgs__rosidl_typesupport_introspection_cExport-noconfig.cmake
[5.654s] -- Installing: /home/robotics/pruebaservicio/ros2_ws/install/micro_ros_msgs/share/micro_ros_msgs/cmake/micro_ros_msgs__rosidl_typesupport_cExport.cmake
[5.654s] -- Installing: /home/robotics/pruebaservicio/ros2_ws/install/micro_ros_msgs/share/micro_ros_msgs/cmake/micro_ros_msgs__rosidl_typesupport_cExport-noconfig.cmake
[5.654s] -- Installing: /home/robotics/pruebaservicio/ros2_ws/install/micro_ros_msgs/share/micro_ros_msgs/cmake/export_micro_ros_msgs__rosidl_generator_cppExport.cmake
[5.654s] -- Installing: /home/robotics/pruebaservicio/ros2_ws/install/micro_ros_msgs/share/micro_ros_msgs/cmake/export_micro_ros_msgs__rosidl_typesupport_fastrtps_cppExport.cmake
[5.655s] -- Installing: /home/robotics/pruebaservicio/ros2_ws/install/micro_ros_msgs/share/micro_ros_msgs/cmake/export_micro_ros_msgs__rosidl_typesupport_fastrtps_cppExport-noconfig.cmake
[5.655s] -- Installing: /home/robotics/pruebaservicio/ros2_ws/install/micro_ros_msgs/share/micro_ros_msgs/cmake/micro_ros_msgs__rosidl_typesupport_introspection_cppExport.cmake
[5.655s] -- Installing: /home/robotics/pruebaservicio/ros2_ws/install/micro_ros_msgs/share/micro_ros_msgs/cmake/micro_ros_msgs__rosidl_typesupport_introspection_cppExport-noconfig.cmake
[5.655s] -- Installing: /home/robotics/pruebaservicio/ros2_ws/install/micro_ros_msgs/share/micro_ros_msgs/cmake/micro_ros_msgs__rosidl_typesupport_cppExport.cmake
[5.655s] -- Installing: /home/robotics/pruebaservicio/ros2_ws/install/micro_ros_msgs/share/micro_ros_msgs/cmake/micro_ros_msgs__rosidl_typesupport_cppExport-noconfig.cmake
[5.655s] -- Installing: /home/robotics/pruebaservicio/ros2_ws/install/micro_ros_msgs/share/micro_ros_msgs/cmake/export_micro_ros_msgs__rosidl_generator_pyExport.cmake
[5.655s] -- Installing: /home/robotics/pruebaservicio/ros2_ws/install/micro_ros_msgs/share/micro_ros_msgs/cmake/export_micro_ros_msgs__rosidl_generator_pyExport-noconfig.cmake
[5.655s] -- Installing: /home/robotics/pruebaservicio/ros2_ws/install/micro_ros_msgs/share/micro_ros_msgs/cmake/rosidl_cmake-extras.cmake
[5.655s] -- Installing: /home/robotics/pruebaservicio/ros2_ws/install/micro_ros_msgs/share/micro_ros_msgs/cmake/ament_cmake_export_include_directories-extras.cmake
[5.655s] -- Installing: /home/robotics/pruebaservicio/ros2_ws/install/micro_ros_msgs/share/micro_ros_msgs/cmake/ament_cmake_export_libraries-extras.cmake
[5.655s] -- Installing: /home/robotics/pruebaservicio/ros2_ws/install/micro_ros_msgs/share/micro_ros_msgs/cmake/ament_cmake_export_targets-extras.cmake
[5.655s] -- Installing: /home/robotics/pruebaservicio/ros2_ws/install/micro_ros_msgs/share/micro_ros_msgs/cmake/rosidl_cmake_export_typesupport_targets-extras.cmake
[5.656s] -- Installing: /home/robotics/pruebaservicio/ros2_ws/install/micro_ros_msgs/share/micro_ros_msgs/cmake/ament_cmake_export_dependencies-extras.cmake
[5.656s] -- Installing: /home/robotics/pruebaservicio/ros2_ws/install/micro_ros_msgs/share/micro_ros_msgs/cmake/rosidl_cmake_export_typesupport_libraries-extras.cmake
[5.656s] -- Installing: /home/robotics/pruebaservicio/ros2_ws/install/micro_ros_msgs/share/micro_ros_msgs/cmake/micro_ros_msgsConfig.cmake
[5.656s] -- Installing: /home/robotics/pruebaservicio/ros2_ws/install/micro_ros_msgs/share/micro_ros_msgs/cmake/micro_ros_msgsConfig-version.cmake
[5.656s] -- Installing: /home/robotics/pruebaservicio/ros2_ws/install/micro_ros_msgs/share/micro_ros_msgs/package.xml
[5.658s] Invoked command in '/home/robotics/pruebaservicio/ros2_ws/build/micro_ros_msgs' returned '0': CMAKE_PREFIX_PATH=${CMAKE_PREFIX_PATH}:/home/robotics/pruebaservicio/ros2_ws/install/mi_primer_paquete:/opt/ros/jazzy DEBUGINFOD_URLS=https://debuginfod.ubuntu.com /usr/bin/cmake --install /home/robotics/pruebaservicio/ros2_ws/build/micro_ros_msgs
