[0.858s] Invoking command in '/home/robotics/pruebaservicio/ros2_ws/src/mi_primer_paquete': DEBUGINFOD_URLS=https://debuginfod.ubuntu.com PYTHONPATH=/home/robotics/pruebaservicio/ros2_ws/build/mi_primer_paquete/prefix_override:/usr/lib/python3/dist-packages/colcon_core/task/python/colcon_distutils_commands:/home/robotics/pruebaservicio/ros2_ws/install/mi_primer_paquete/lib/python3.12/site-packages:${PYTHONPATH} /usr/bin/python3 -W ignore:setup.py install is deprecated -W ignore:easy_install command is deprecated setup.py egg_info --egg-base ../../build/mi_primer_paquete build --build-base /home/robotics/pruebaservicio/ros2_ws/build/mi_primer_paquete/build install --record /home/robotics/pruebaservicio/ros2_ws/build/mi_primer_paquete/install.log --single-version-externally-managed install_data
[1.149s] running egg_info
[1.174s] writing ../../build/mi_primer_paquete/mi_primer_paquete.egg-info/PKG-INFO
[1.200s] writing dependency_links to ../../build/mi_primer_paquete/mi_primer_paquete.egg-info/dependency_links.txt
[1.200s] writing entry points to ../../build/mi_primer_paquete/mi_primer_paquete.egg-info/entry_points.txt
[1.200s] writing requirements to ../../build/mi_primer_paquete/mi_primer_paquete.egg-info/requires.txt
[1.200s] writing top-level names to ../../build/mi_primer_paquete/mi_primer_paquete.egg-info/top_level.txt
[1.253s] reading manifest file '../../build/mi_primer_paquete/mi_primer_paquete.egg-info/SOURCES.txt'
[1.254s] writing manifest file '../../build/mi_primer_paquete/mi_primer_paquete.egg-info/SOURCES.txt'
[1.293s] running build
[1.293s] running build_py
[1.293s] running install
[1.299s] running install_lib
[1.325s] copying /home/robotics/pruebaservicio/ros2_ws/build/mi_primer_paquete/build/lib/mi_primer_paquete/CinematicaInversa.py -> /home/robotics/pruebaservicio/ros2_ws/install/mi_primer_paquete/lib/python3.12/site-packages/mi_primer_paquete
[1.326s] byte-compiling /home/robotics/pruebaservicio/ros2_ws/install/mi_primer_paquete/lib/python3.12/site-packages/mi_primer_paquete/CinematicaInversa.py to CinematicaInversa.cpython-312.pyc
[1.327s] byte-compiling /home/robotics/pruebaservicio/ros2_ws/install/mi_primer_paquete/lib/python3.12/site-packages/mi_primer_paquete/cine_inver.py to cine_inver.cpython-312.pyc
[1.329s] Sorry: IndentationError: expected an indented block after 'for' statement on line 123 (cine_inver.py, line 124)
[1.329s] running install_data
[1.330s] running install_egg_info
[1.356s] removing '/home/robotics/pruebaservicio/ros2_ws/install/mi_primer_paquete/lib/python3.12/site-packages/mi_primer_paquete-0.0.0-py3.12.egg-info' (and everything under it)
[1.356s] Copying ../../build/mi_primer_paquete/mi_primer_paquete.egg-info to /home/robotics/pruebaservicio/ros2_ws/install/mi_primer_paquete/lib/python3.12/site-packages/mi_primer_paquete-0.0.0-py3.12.egg-info
[1.357s] running install_scripts
[1.509s] Installing clicked_point_a_juntas script to /home/robotics/pruebaservicio/ros2_ws/install/mi_primer_paquete/lib/mi_primer_paquete
[1.509s] Installing joint_states_a_esp32 script to /home/robotics/pruebaservicio/ros2_ws/install/mi_primer_paquete/lib/mi_primer_paquete
[1.509s] Installing publicador_juntas_terminal script to /home/robotics/pruebaservicio/ros2_ws/install/mi_primer_paquete/lib/mi_primer_paquete
[1.510s] Installing publisher script to /home/robotics/pruebaservicio/ros2_ws/install/mi_primer_paquete/lib/mi_primer_paquete
[1.510s] Installing punto_objetivo script to /home/robotics/pruebaservicio/ros2_ws/install/mi_primer_paquete/lib/mi_primer_paquete
[1.510s] Installing subscriber script to /home/robotics/pruebaservicio/ros2_ws/install/mi_primer_paquete/lib/mi_primer_paquete
[1.510s] Installing subscriber_2 script to /home/robotics/pruebaservicio/ros2_ws/install/mi_primer_paquete/lib/mi_primer_paquete
[1.510s] Installing subscriber_inter script to /home/robotics/pruebaservicio/ros2_ws/install/mi_primer_paquete/lib/mi_primer_paquete
[1.510s] writing list of installed files to '/home/robotics/pruebaservicio/ros2_ws/build/mi_primer_paquete/install.log'
[1.531s] Invoked command in '/home/robotics/pruebaservicio/ros2_ws/src/mi_primer_paquete' returned '0': DEBUGINFOD_URLS=https://debuginfod.ubuntu.com PYTHONPATH=/home/robotics/pruebaservicio/ros2_ws/build/mi_primer_paquete/prefix_override:/usr/lib/python3/dist-packages/colcon_core/task/python/colcon_distutils_commands:/home/robotics/pruebaservicio/ros2_ws/install/mi_primer_paquete/lib/python3.12/site-packages:${PYTHONPATH} /usr/bin/python3 -W ignore:setup.py install is deprecated -W ignore:easy_install command is deprecated setup.py egg_info --egg-base ../../build/mi_primer_paquete build --build-base /home/robotics/pruebaservicio/ros2_ws/build/mi_primer_paquete/build install --record /home/robotics/pruebaservicio/ros2_ws/build/mi_primer_paquete/install.log --single-version-externally-managed install_data
