[0.097s] DEBUG:colcon:Command line arguments: ['/usr/bin/colcon', 'build']
[0.098s] DEBUG:colcon:Parsed command line arguments: Namespace(log_base=None, log_level=None, verb_name='build', build_base='build', install_base='install', merge_install=False, symlink_install=False, test_result_base=None, continue_on_error=False, executor='parallel', parallel_workers=8, event_handlers=None, ignore_user_meta=False, metas=['./colcon.meta'], base_paths=['.'], packages_ignore=None, packages_ignore_regex=None, paths=None, packages_up_to=None, packages_up_to_regex=None, packages_above=None, packages_above_and_dependencies=None, packages_above_depth=None, packages_select_by_dep=None, packages_skip_by_dep=None, packages_skip_up_to=None, packages_select_build_failed=False, packages_skip_build_finished=False, packages_select_test_failures=False, packages_skip_test_passed=False, packages_select=None, packages_skip=None, packages_select_regex=None, packages_skip_regex=None, packages_start=None, packages_end=None, allow_overriding=[], cmake_args=None, cmake_target=None, cmake_target_skip_unavailable=False, cmake_clean_cache=False, cmake_clean_first=False, cmake_force_configure=False, ament_cmake_args=None, catkin_cmake_args=None, catkin_skip_building_tests=False, mixin_files=None, mixin=None, verb_parser=<colcon_mixin.mixin.mixin_argument.MixinArgumentDecorator object at 0x7a57855b4ce0>, verb_extension=<colcon_core.verb.build.BuildVerb object at 0x7a5785562660>, main=<bound method BuildVerb.main of <colcon_core.verb.build.BuildVerb object at 0x7a5785562660>>, mixin_verb=('build',))
[0.128s] Level 1:colcon.colcon_core.package_discovery:discover_packages(colcon_meta) check parameters
[0.128s] Level 1:colcon.colcon_core.package_discovery:discover_packages(recursive) check parameters
[0.128s] Level 1:colcon.colcon_core.package_discovery:discover_packages(ignore) check parameters
[0.128s] Level 1:colcon.colcon_core.package_discovery:discover_packages(path) check parameters
[0.128s] Level 1:colcon.colcon_core.package_discovery:discover_packages(colcon_meta) discover
[0.128s] Level 1:colcon.colcon_core.package_discovery:discover_packages(recursive) discover
[0.128s] INFO:colcon.colcon_core.package_discovery:Crawling recursively for packages in '/home/robotics/pruebaservicio/ros2_ws'
[0.128s] Level 1:colcon.colcon_core.package_identification:_identify(.) by extensions ['ignore', 'ignore_ament_install']
[0.129s] Level 1:colcon.colcon_core.package_identification:_identify(.) by extension 'ignore'
[0.129s] Level 1:colcon.colcon_core.package_identification:_identify(.) by extension 'ignore_ament_install'
[0.129s] Level 1:colcon.colcon_core.package_identification:_identify(.) by extensions ['colcon_pkg']
[0.129s] Level 1:colcon.colcon_core.package_identification:_identify(.) by extension 'colcon_pkg'
[0.129s] Level 1:colcon.colcon_core.package_identification:_identify(.) by extensions ['colcon_meta']
[0.129s] Level 1:colcon.colcon_core.package_identification:_identify(.) by extension 'colcon_meta'
[0.129s] Level 1:colcon.colcon_core.package_identification:_identify(.) by extensions ['ros']
[0.129s] Level 1:colcon.colcon_core.package_identification:_identify(.) by extension 'ros'
[0.149s] Level 1:colcon.colcon_core.package_identification:_identify(.) by extensions ['cmake', 'python']
[0.149s] Level 1:colcon.colcon_core.package_identification:_identify(.) by extension 'cmake'
[0.149s] Level 1:colcon.colcon_core.package_identification:_identify(.) by extension 'python'
[0.149s] Level 1:colcon.colcon_core.package_identification:_identify(.) by extensions ['python_setup_py']
[0.149s] Level 1:colcon.colcon_core.package_identification:_identify(.) by extension 'python_setup_py'
[0.150s] Level 1:colcon.colcon_core.package_identification:_identify(build) by extensions ['ignore', 'ignore_ament_install']
[0.150s] Level 1:colcon.colcon_core.package_identification:_identify(build) by extension 'ignore'
[0.150s] Level 1:colcon.colcon_core.package_identification:_identify(build) ignored
[0.150s] Level 1:colcon.colcon_core.package_identification:_identify(install) by extensions ['ignore', 'ignore_ament_install']
[0.150s] Level 1:colcon.colcon_core.package_identification:_identify(install) by extension 'ignore'
[0.150s] Level 1:colcon.colcon_core.package_identification:_identify(install) ignored
[0.150s] Level 1:colcon.colcon_core.package_identification:_identify(log) by extensions ['ignore', 'ignore_ament_install']
[0.150s] Level 1:colcon.colcon_core.package_identification:_identify(log) by extension 'ignore'
[0.150s] Level 1:colcon.colcon_core.package_identification:_identify(log) ignored
[0.150s] Level 1:colcon.colcon_core.package_identification:_identify(src) by extensions ['ignore', 'ignore_ament_install']
[0.150s] Level 1:colcon.colcon_core.package_identification:_identify(src) by extension 'ignore'
[0.150s] Level 1:colcon.colcon_core.package_identification:_identify(src) by extension 'ignore_ament_install'
[0.150s] Level 1:colcon.colcon_core.package_identification:_identify(src) by extensions ['colcon_pkg']
[0.150s] Level 1:colcon.colcon_core.package_identification:_identify(src) by extension 'colcon_pkg'
[0.150s] Level 1:colcon.colcon_core.package_identification:_identify(src) by extensions ['colcon_meta']
[0.150s] Level 1:colcon.colcon_core.package_identification:_identify(src) by extension 'colcon_meta'
[0.150s] Level 1:colcon.colcon_core.package_identification:_identify(src) by extensions ['ros']
[0.150s] Level 1:colcon.colcon_core.package_identification:_identify(src) by extension 'ros'
[0.151s] Level 1:colcon.colcon_core.package_identification:_identify(src) by extensions ['cmake', 'python']
[0.151s] Level 1:colcon.colcon_core.package_identification:_identify(src) by extension 'cmake'
[0.151s] Level 1:colcon.colcon_core.package_identification:_identify(src) by extension 'python'
[0.151s] Level 1:colcon.colcon_core.package_identification:_identify(src) by extensions ['python_setup_py']
[0.151s] Level 1:colcon.colcon_core.package_identification:_identify(src) by extension 'python_setup_py'
[0.151s] Level 1:colcon.colcon_core.package_identification:_identify(src/mi_primer_paquete) by extensions ['ignore', 'ignore_ament_install']
[0.151s] Level 1:colcon.colcon_core.package_identification:_identify(src/mi_primer_paquete) by extension 'ignore'
[0.151s] Level 1:colcon.colcon_core.package_identification:_identify(src/mi_primer_paquete) by extension 'ignore_ament_install'
[0.151s] Level 1:colcon.colcon_core.package_identification:_identify(src/mi_primer_paquete) by extensions ['colcon_pkg']
[0.151s] Level 1:colcon.colcon_core.package_identification:_identify(src/mi_primer_paquete) by extension 'colcon_pkg'
[0.151s] Level 1:colcon.colcon_core.package_identification:_identify(src/mi_primer_paquete) by extensions ['colcon_meta']
[0.151s] Level 1:colcon.colcon_core.package_identification:_identify(src/mi_primer_paquete) by extension 'colcon_meta'
[0.151s] Level 1:colcon.colcon_core.package_identification:_identify(src/mi_primer_paquete) by extensions ['ros']
[0.151s] Level 1:colcon.colcon_core.package_identification:_identify(src/mi_primer_paquete) by extension 'ros'
[0.153s] DEBUG:colcon.colcon_core.package_identification:Package 'src/mi_primer_paquete' with type 'ros.ament_python' and name 'mi_primer_paquete'
[0.153s] Level 1:colcon.colcon_core.package_identification:_identify(src/micro-ROS-Agent) by extensions ['ignore', 'ignore_ament_install']
[0.153s] Level 1:colcon.colcon_core.package_identification:_identify(src/micro-ROS-Agent) by extension 'ignore'
[0.153s] Level 1:colcon.colcon_core.package_identification:_identify(src/micro-ROS-Agent) by extension 'ignore_ament_install'
[0.153s] Level 1:colcon.colcon_core.package_identification:_identify(src/micro-ROS-Agent) by extensions ['colcon_pkg']
[0.153s] Level 1:colcon.colcon_core.package_identification:_identify(src/micro-ROS-Agent) by extension 'colcon_pkg'
[0.153s] Level 1:colcon.colcon_core.package_identification:_identify(src/micro-ROS-Agent) by extensions ['colcon_meta']
[0.153s] Level 1:colcon.colcon_core.package_identification:_identify(src/micro-ROS-Agent) by extension 'colcon_meta'
[0.153s] Level 1:colcon.colcon_core.package_identification:_identify(src/micro-ROS-Agent) by extensions ['ros']
[0.153s] Level 1:colcon.colcon_core.package_identification:_identify(src/micro-ROS-Agent) by extension 'ros'
[0.153s] Level 1:colcon.colcon_core.package_identification:_identify(src/micro-ROS-Agent) by extensions ['cmake', 'python']
[0.153s] Level 1:colcon.colcon_core.package_identification:_identify(src/micro-ROS-Agent) by extension 'cmake'
[0.154s] Level 1:colcon.colcon_core.package_identification:_identify(src/micro-ROS-Agent) by extension 'python'
[0.154s] Level 1:colcon.colcon_core.package_identification:_identify(src/micro-ROS-Agent) by extensions ['python_setup_py']
[0.154s] Level 1:colcon.colcon_core.package_identification:_identify(src/micro-ROS-Agent) by extension 'python_setup_py'
[0.154s] Level 1:colcon.colcon_core.package_identification:_identify(src/micro-ROS-Agent/micro_ros_agent) by extensions ['ignore', 'ignore_ament_install']
[0.154s] Level 1:colcon.colcon_core.package_identification:_identify(src/micro-ROS-Agent/micro_ros_agent) by extension 'ignore'
[0.154s] Level 1:colcon.colcon_core.package_identification:_identify(src/micro-ROS-Agent/micro_ros_agent) by extension 'ignore_ament_install'
[0.154s] Level 1:colcon.colcon_core.package_identification:_identify(src/micro-ROS-Agent/micro_ros_agent) by extensions ['colcon_pkg']
[0.154s] Level 1:colcon.colcon_core.package_identification:_identify(src/micro-ROS-Agent/micro_ros_agent) by extension 'colcon_pkg'
[0.154s] Level 1:colcon.colcon_core.package_identification:_identify(src/micro-ROS-Agent/micro_ros_agent) by extensions ['colcon_meta']
[0.154s] Level 1:colcon.colcon_core.package_identification:_identify(src/micro-ROS-Agent/micro_ros_agent) by extension 'colcon_meta'
[0.154s] Level 1:colcon.colcon_core.package_identification:_identify(src/micro-ROS-Agent/micro_ros_agent) by extensions ['ros']
[0.154s] Level 1:colcon.colcon_core.package_identification:_identify(src/micro-ROS-Agent/micro_ros_agent) by extension 'ros'
[0.155s] DEBUG:colcon.colcon_core.package_identification:Package 'src/micro-ROS-Agent/micro_ros_agent' with type 'ros.ament_cmake' and name 'micro_ros_agent'
[0.155s] Level 1:colcon.colcon_core.package_identification:_identify(src/micro-ROS-Agent/snap) by extensions ['ignore', 'ignore_ament_install']
[0.155s] Level 1:colcon.colcon_core.package_identification:_identify(src/micro-ROS-Agent/snap) by extension 'ignore'
[0.155s] Level 1:colcon.colcon_core.package_identification:_identify(src/micro-ROS-Agent/snap) by extension 'ignore_ament_install'
[0.155s] Level 1:colcon.colcon_core.package_identification:_identify(src/micro-ROS-Agent/snap) by extensions ['colcon_pkg']
[0.155s] Level 1:colcon.colcon_core.package_identification:_identify(src/micro-ROS-Agent/snap) by extension 'colcon_pkg'
[0.155s] Level 1:colcon.colcon_core.package_identification:_identify(src/micro-ROS-Agent/snap) by extensions ['colcon_meta']
[0.155s] Level 1:colcon.colcon_core.package_identification:_identify(src/micro-ROS-Agent/snap) by extension 'colcon_meta'
[0.155s] Level 1:colcon.colcon_core.package_identification:_identify(src/micro-ROS-Agent/snap) by extensions ['ros']
[0.155s] Level 1:colcon.colcon_core.package_identification:_identify(src/micro-ROS-Agent/snap) by extension 'ros'
[0.155s] Level 1:colcon.colcon_core.package_identification:_identify(src/micro-ROS-Agent/snap) by extensions ['cmake', 'python']
[0.155s] Level 1:colcon.colcon_core.package_identification:_identify(src/micro-ROS-Agent/snap) by extension 'cmake'
[0.155s] Level 1:colcon.colcon_core.package_identification:_identify(src/micro-ROS-Agent/snap) by extension 'python'
[0.155s] Level 1:colcon.colcon_core.package_identification:_identify(src/micro-ROS-Agent/snap) by extensions ['python_setup_py']
[0.155s] Level 1:colcon.colcon_core.package_identification:_identify(src/micro-ROS-Agent/snap) by extension 'python_setup_py'
[0.155s] Level 1:colcon.colcon_core.package_identification:_identify(src/micro-ROS-Agent/snap/hooks) by extensions ['ignore', 'ignore_ament_install']
[0.155s] Level 1:colcon.colcon_core.package_identification:_identify(src/micro-ROS-Agent/snap/hooks) by extension 'ignore'
[0.155s] Level 1:colcon.colcon_core.package_identification:_identify(src/micro-ROS-Agent/snap/hooks) by extension 'ignore_ament_install'
[0.155s] Level 1:colcon.colcon_core.package_identification:_identify(src/micro-ROS-Agent/snap/hooks) by extensions ['colcon_pkg']
[0.155s] Level 1:colcon.colcon_core.package_identification:_identify(src/micro-ROS-Agent/snap/hooks) by extension 'colcon_pkg'
[0.156s] Level 1:colcon.colcon_core.package_identification:_identify(src/micro-ROS-Agent/snap/hooks) by extensions ['colcon_meta']
[0.156s] Level 1:colcon.colcon_core.package_identification:_identify(src/micro-ROS-Agent/snap/hooks) by extension 'colcon_meta'
[0.156s] Level 1:colcon.colcon_core.package_identification:_identify(src/micro-ROS-Agent/snap/hooks) by extensions ['ros']
[0.156s] Level 1:colcon.colcon_core.package_identification:_identify(src/micro-ROS-Agent/snap/hooks) by extension 'ros'
[0.156s] Level 1:colcon.colcon_core.package_identification:_identify(src/micro-ROS-Agent/snap/hooks) by extensions ['cmake', 'python']
[0.156s] Level 1:colcon.colcon_core.package_identification:_identify(src/micro-ROS-Agent/snap/hooks) by extension 'cmake'
[0.156s] Level 1:colcon.colcon_core.package_identification:_identify(src/micro-ROS-Agent/snap/hooks) by extension 'python'
[0.156s] Level 1:colcon.colcon_core.package_identification:_identify(src/micro-ROS-Agent/snap/hooks) by extensions ['python_setup_py']
[0.156s] Level 1:colcon.colcon_core.package_identification:_identify(src/micro-ROS-Agent/snap/hooks) by extension 'python_setup_py'
[0.156s] Level 1:colcon.colcon_core.package_identification:_identify(src/micro-ROS-Agent/snap/local) by extensions ['ignore', 'ignore_ament_install']
[0.156s] Level 1:colcon.colcon_core.package_identification:_identify(src/micro-ROS-Agent/snap/local) by extension 'ignore'
[0.156s] Level 1:colcon.colcon_core.package_identification:_identify(src/micro-ROS-Agent/snap/local) by extension 'ignore_ament_install'
[0.156s] Level 1:colcon.colcon_core.package_identification:_identify(src/micro-ROS-Agent/snap/local) by extensions ['colcon_pkg']
[0.156s] Level 1:colcon.colcon_core.package_identification:_identify(src/micro-ROS-Agent/snap/local) by extension 'colcon_pkg'
[0.156s] Level 1:colcon.colcon_core.package_identification:_identify(src/micro-ROS-Agent/snap/local) by extensions ['colcon_meta']
[0.156s] Level 1:colcon.colcon_core.package_identification:_identify(src/micro-ROS-Agent/snap/local) by extension 'colcon_meta'
[0.156s] Level 1:colcon.colcon_core.package_identification:_identify(src/micro-ROS-Agent/snap/local) by extensions ['ros']
[0.156s] Level 1:colcon.colcon_core.package_identification:_identify(src/micro-ROS-Agent/snap/local) by extension 'ros'
[0.156s] Level 1:colcon.colcon_core.package_identification:_identify(src/micro-ROS-Agent/snap/local) by extensions ['cmake', 'python']
[0.156s] Level 1:colcon.colcon_core.package_identification:_identify(src/micro-ROS-Agent/snap/local) by extension 'cmake'
[0.156s] Level 1:colcon.colcon_core.package_identification:_identify(src/micro-ROS-Agent/snap/local) by extension 'python'
[0.156s] Level 1:colcon.colcon_core.package_identification:_identify(src/micro-ROS-Agent/snap/local) by extensions ['python_setup_py']
[0.156s] Level 1:colcon.colcon_core.package_identification:_identify(src/micro-ROS-Agent/snap/local) by extension 'python_setup_py'
[0.156s] Level 1:colcon.colcon_core.package_identification:_identify(src/micro_ros_msgs) by extensions ['ignore', 'ignore_ament_install']
[0.157s] Level 1:colcon.colcon_core.package_identification:_identify(src/micro_ros_msgs) by extension 'ignore'
[0.157s] Level 1:colcon.colcon_core.package_identification:_identify(src/micro_ros_msgs) by extension 'ignore_ament_install'
[0.157s] Level 1:colcon.colcon_core.package_identification:_identify(src/micro_ros_msgs) by extensions ['colcon_pkg']
[0.157s] Level 1:colcon.colcon_core.package_identification:_identify(src/micro_ros_msgs) by extension 'colcon_pkg'
[0.157s] Level 1:colcon.colcon_core.package_identification:_identify(src/micro_ros_msgs) by extensions ['colcon_meta']
[0.157s] Level 1:colcon.colcon_core.package_identification:_identify(src/micro_ros_msgs) by extension 'colcon_meta'
[0.157s] Level 1:colcon.colcon_core.package_identification:_identify(src/micro_ros_msgs) by extensions ['ros']
[0.157s] Level 1:colcon.colcon_core.package_identification:_identify(src/micro_ros_msgs) by extension 'ros'
[0.157s] DEBUG:colcon.colcon_core.package_identification:Package 'src/micro_ros_msgs' with type 'ros.ament_cmake' and name 'micro_ros_msgs'
[0.157s] Level 1:colcon.colcon_core.package_discovery:discover_packages(recursive) using defaults
[0.157s] Level 1:colcon.colcon_core.package_discovery:discover_packages(ignore) discover
[0.157s] Level 1:colcon.colcon_core.package_discovery:discover_packages(ignore) using defaults
[0.157s] Level 1:colcon.colcon_core.package_discovery:discover_packages(path) discover
[0.157s] Level 1:colcon.colcon_core.package_discovery:discover_packages(path) using defaults
[0.172s] Level 1:colcon.colcon_core.package_discovery:discover_packages(prefix_path) check parameters
[0.172s] Level 1:colcon.colcon_core.package_discovery:discover_packages(prefix_path) discover
[0.173s] DEBUG:colcon.colcon_installed_package_information.package_discovery:Found 2 installed packages in /home/robotics/pruebaservicio/ros2_ws/install
[0.174s] DEBUG:colcon.colcon_installed_package_information.package_discovery:Found 346 installed packages in /opt/ros/jazzy
[0.175s] Level 1:colcon.colcon_core.package_discovery:discover_packages(prefix_path) using defaults
[0.219s] Level 5:colcon.colcon_core.verb:set package 'mi_primer_paquete' build argument 'cmake_args' from command line to 'None'
[0.219s] Level 5:colcon.colcon_core.verb:set package 'mi_primer_paquete' build argument 'cmake_target' from command line to 'None'
[0.219s] Level 5:colcon.colcon_core.verb:set package 'mi_primer_paquete' build argument 'cmake_target_skip_unavailable' from command line to 'False'
[0.219s] Level 5:colcon.colcon_core.verb:set package 'mi_primer_paquete' build argument 'cmake_clean_cache' from command line to 'False'
[0.219s] Level 5:colcon.colcon_core.verb:set package 'mi_primer_paquete' build argument 'cmake_clean_first' from command line to 'False'
[0.219s] Level 5:colcon.colcon_core.verb:set package 'mi_primer_paquete' build argument 'cmake_force_configure' from command line to 'False'
[0.219s] Level 5:colcon.colcon_core.verb:set package 'mi_primer_paquete' build argument 'ament_cmake_args' from command line to 'None'
[0.219s] Level 5:colcon.colcon_core.verb:set package 'mi_primer_paquete' build argument 'catkin_cmake_args' from command line to 'None'
[0.219s] Level 5:colcon.colcon_core.verb:set package 'mi_primer_paquete' build argument 'catkin_skip_building_tests' from command line to 'False'
[0.219s] DEBUG:colcon.colcon_core.verb:Building package 'mi_primer_paquete' with the following arguments: {'ament_cmake_args': None, 'build_base': '/home/robotics/pruebaservicio/ros2_ws/build/mi_primer_paquete', 'catkin_cmake_args': None, 'catkin_skip_building_tests': False, 'cmake_args': None, 'cmake_clean_cache': False, 'cmake_clean_first': False, 'cmake_force_configure': False, 'cmake_target': None, 'cmake_target_skip_unavailable': False, 'install_base': '/home/robotics/pruebaservicio/ros2_ws/install/mi_primer_paquete', 'merge_install': False, 'path': '/home/robotics/pruebaservicio/ros2_ws/src/mi_primer_paquete', 'symlink_install': False, 'test_result_base': None}
[0.219s] Level 5:colcon.colcon_core.verb:set package 'micro_ros_msgs' build argument 'cmake_args' from command line to 'None'
[0.219s] Level 5:colcon.colcon_core.verb:set package 'micro_ros_msgs' build argument 'cmake_target' from command line to 'None'
[0.219s] Level 5:colcon.colcon_core.verb:set package 'micro_ros_msgs' build argument 'cmake_target_skip_unavailable' from command line to 'False'
[0.219s] Level 5:colcon.colcon_core.verb:set package 'micro_ros_msgs' build argument 'cmake_clean_cache' from command line to 'False'
[0.219s] Level 5:colcon.colcon_core.verb:set package 'micro_ros_msgs' build argument 'cmake_clean_first' from command line to 'False'
[0.219s] Level 5:colcon.colcon_core.verb:set package 'micro_ros_msgs' build argument 'cmake_force_configure' from command line to 'False'
[0.219s] Level 5:colcon.colcon_core.verb:set package 'micro_ros_msgs' build argument 'ament_cmake_args' from command line to 'None'
[0.219s] Level 5:colcon.colcon_core.verb:set package 'micro_ros_msgs' build argument 'catkin_cmake_args' from command line to 'None'
[0.219s] Level 5:colcon.colcon_core.verb:set package 'micro_ros_msgs' build argument 'catkin_skip_building_tests' from command line to 'False'
[0.219s] DEBUG:colcon.colcon_core.verb:Building package 'micro_ros_msgs' with the following arguments: {'ament_cmake_args': None, 'build_base': '/home/robotics/pruebaservicio/ros2_ws/build/micro_ros_msgs', 'catkin_cmake_args': None, 'catkin_skip_building_tests': False, 'cmake_args': None, 'cmake_clean_cache': False, 'cmake_clean_first': False, 'cmake_force_configure': False, 'cmake_target': None, 'cmake_target_skip_unavailable': False, 'install_base': '/home/robotics/pruebaservicio/ros2_ws/install/micro_ros_msgs', 'merge_install': False, 'path': '/home/robotics/pruebaservicio/ros2_ws/src/micro_ros_msgs', 'symlink_install': False, 'test_result_base': None}
[0.220s] Level 5:colcon.colcon_core.verb:set package 'micro_ros_agent' build argument 'cmake_args' from command line to 'None'
[0.220s] Level 5:colcon.colcon_core.verb:set package 'micro_ros_agent' build argument 'cmake_target' from command line to 'None'
[0.220s] Level 5:colcon.colcon_core.verb:set package 'micro_ros_agent' build argument 'cmake_target_skip_unavailable' from command line to 'False'
[0.220s] Level 5:colcon.colcon_core.verb:set package 'micro_ros_agent' build argument 'cmake_clean_cache' from command line to 'False'
[0.220s] Level 5:colcon.colcon_core.verb:set package 'micro_ros_agent' build argument 'cmake_clean_first' from command line to 'False'
[0.220s] Level 5:colcon.colcon_core.verb:set package 'micro_ros_agent' build argument 'cmake_force_configure' from command line to 'False'
[0.220s] Level 5:colcon.colcon_core.verb:set package 'micro_ros_agent' build argument 'ament_cmake_args' from command line to 'None'
[0.220s] Level 5:colcon.colcon_core.verb:set package 'micro_ros_agent' build argument 'catkin_cmake_args' from command line to 'None'
[0.220s] Level 5:colcon.colcon_core.verb:set package 'micro_ros_agent' build argument 'catkin_skip_building_tests' from command line to 'False'
[0.220s] DEBUG:colcon.colcon_core.verb:Building package 'micro_ros_agent' with the following arguments: {'ament_cmake_args': None, 'build_base': '/home/robotics/pruebaservicio/ros2_ws/build/micro_ros_agent', 'catkin_cmake_args': None, 'catkin_skip_building_tests': False, 'cmake_args': None, 'cmake_clean_cache': False, 'cmake_clean_first': False, 'cmake_force_configure': False, 'cmake_target': None, 'cmake_target_skip_unavailable': False, 'install_base': '/home/robotics/pruebaservicio/ros2_ws/install/micro_ros_agent', 'merge_install': False, 'path': '/home/robotics/pruebaservicio/ros2_ws/src/micro-ROS-Agent/micro_ros_agent', 'symlink_install': False, 'test_result_base': None}
[0.220s] INFO:colcon.colcon_core.executor:Executing jobs using 'parallel' executor
[0.221s] DEBUG:colcon.colcon_parallel_executor.executor.parallel:run_until_complete
[0.221s] INFO:colcon.colcon_ros.task.ament_cmake.build:Building ROS package in '/home/robotics/pruebaservicio/ros2_ws/src/micro_ros_msgs' with build type 'ament_cmake'
[0.221s] INFO:colcon.colcon_cmake.task.cmake.build:Building CMake package in '/home/robotics/pruebaservicio/ros2_ws/src/micro_ros_msgs'
[0.222s] INFO:colcon.colcon_core.plugin_system:Skipping extension 'colcon_core.shell.bat': Not used on non-Windows systems
[0.222s] INFO:colcon.colcon_core.shell:Skip shell extension 'powershell' for command environment: Not usable outside of PowerShell
[0.222s] DEBUG:colcon.colcon_core.shell:Skip shell extension 'dsv' for command environment
[0.225s] INFO:colcon.colcon_ros.task.ament_python.build:Building ROS package in '/home/robotics/pruebaservicio/ros2_ws/src/mi_primer_paquete' with build type 'ament_python'
[0.225s] Level 1:colcon.colcon_core.shell:create_environment_hook('mi_primer_paquete', 'ament_prefix_path')
[0.225s] INFO:colcon.colcon_core.shell:Creating environment hook '/home/robotics/pruebaservicio/ros2_ws/install/mi_primer_paquete/share/mi_primer_paquete/hook/ament_prefix_path.ps1'
[0.226s] INFO:colcon.colcon_core.shell:Creating environment descriptor '/home/robotics/pruebaservicio/ros2_ws/install/mi_primer_paquete/share/mi_primer_paquete/hook/ament_prefix_path.dsv'
[0.226s] INFO:colcon.colcon_core.shell:Creating environment hook '/home/robotics/pruebaservicio/ros2_ws/install/mi_primer_paquete/share/mi_primer_paquete/hook/ament_prefix_path.sh'
[0.227s] INFO:colcon.colcon_core.shell:Skip shell extension 'powershell' for command environment: Not usable outside of PowerShell
[0.227s] DEBUG:colcon.colcon_core.shell:Skip shell extension 'dsv' for command environment
[0.231s] DEBUG:colcon.colcon_core.event_handler.log_command:Invoking command in '/home/robotics/pruebaservicio/ros2_ws/build/micro_ros_msgs': CMAKE_PREFIX_PATH=${CMAKE_PREFIX_PATH}:/home/robotics/pruebaservicio/ros2_ws/install/mi_primer_paquete:/opt/ros/jazzy DEBUGINFOD_URLS=https://debuginfod.ubuntu.com /usr/bin/cmake /home/robotics/pruebaservicio/ros2_ws/src/micro_ros_msgs -DCMAKE_INSTALL_PREFIX=/home/robotics/pruebaservicio/ros2_ws/install/micro_ros_msgs
[0.444s] INFO:colcon.colcon_core.task.python.build:Building Python package in '/home/robotics/pruebaservicio/ros2_ws/src/mi_primer_paquete'
[0.444s] INFO:colcon.colcon_core.shell:Skip shell extension 'powershell' for command environment: Not usable outside of PowerShell
[0.444s] DEBUG:colcon.colcon_core.shell:Skip shell extension 'dsv' for command environment
[1.084s] DEBUG:colcon.colcon_core.event_handler.log_command:Invoking command in '/home/robotics/pruebaservicio/ros2_ws/src/mi_primer_paquete': DEBUGINFOD_URLS=https://debuginfod.ubuntu.com PYTHONPATH=/home/robotics/pruebaservicio/ros2_ws/build/mi_primer_paquete/prefix_override:/usr/lib/python3/dist-packages/colcon_core/task/python/colcon_distutils_commands:/home/robotics/pruebaservicio/ros2_ws/install/mi_primer_paquete/lib/python3.12/site-packages:${PYTHONPATH} /usr/bin/python3 -W ignore:setup.py install is deprecated -W ignore:easy_install command is deprecated setup.py egg_info --egg-base ../../build/mi_primer_paquete build --build-base /home/robotics/pruebaservicio/ros2_ws/build/mi_primer_paquete/build install --record /home/robotics/pruebaservicio/ros2_ws/build/mi_primer_paquete/install.log --single-version-externally-managed install_data
[1.757s] DEBUG:colcon.colcon_core.event_handler.log_command:Invoked command in '/home/robotics/pruebaservicio/ros2_ws/src/mi_primer_paquete' returned '0': DEBUGINFOD_URLS=https://debuginfod.ubuntu.com PYTHONPATH=/home/robotics/pruebaservicio/ros2_ws/build/mi_primer_paquete/prefix_override:/usr/lib/python3/dist-packages/colcon_core/task/python/colcon_distutils_commands:/home/robotics/pruebaservicio/ros2_ws/install/mi_primer_paquete/lib/python3.12/site-packages:${PYTHONPATH} /usr/bin/python3 -W ignore:setup.py install is deprecated -W ignore:easy_install command is deprecated setup.py egg_info --egg-base ../../build/mi_primer_paquete build --build-base /home/robotics/pruebaservicio/ros2_ws/build/mi_primer_paquete/build install --record /home/robotics/pruebaservicio/ros2_ws/build/mi_primer_paquete/install.log --single-version-externally-managed install_data
[1.758s] Level 1:colcon.colcon_core.environment:checking '/home/robotics/pruebaservicio/ros2_ws/install/mi_primer_paquete' for CMake module files
[1.759s] Level 1:colcon.colcon_core.environment:checking '/home/robotics/pruebaservicio/ros2_ws/install/mi_primer_paquete' for CMake config files
[1.759s] Level 1:colcon.colcon_core.environment:checking '/home/robotics/pruebaservicio/ros2_ws/install/mi_primer_paquete/lib'
[1.759s] Level 1:colcon.colcon_core.environment:checking '/home/robotics/pruebaservicio/ros2_ws/install/mi_primer_paquete/bin'
[1.759s] Level 1:colcon.colcon_core.environment:checking '/home/robotics/pruebaservicio/ros2_ws/install/mi_primer_paquete/lib/pkgconfig/mi_primer_paquete.pc'
[1.760s] Level 1:colcon.colcon_core.environment:checking '/home/robotics/pruebaservicio/ros2_ws/install/mi_primer_paquete/lib/python3.12/site-packages'
[1.760s] Level 1:colcon.colcon_core.shell:create_environment_hook('mi_primer_paquete', 'pythonpath')
[1.760s] INFO:colcon.colcon_core.shell:Creating environment hook '/home/robotics/pruebaservicio/ros2_ws/install/mi_primer_paquete/share/mi_primer_paquete/hook/pythonpath.ps1'
[1.760s] INFO:colcon.colcon_core.shell:Creating environment descriptor '/home/robotics/pruebaservicio/ros2_ws/install/mi_primer_paquete/share/mi_primer_paquete/hook/pythonpath.dsv'
[1.760s] INFO:colcon.colcon_core.shell:Creating environment hook '/home/robotics/pruebaservicio/ros2_ws/install/mi_primer_paquete/share/mi_primer_paquete/hook/pythonpath.sh'
[1.761s] Level 1:colcon.colcon_core.environment:checking '/home/robotics/pruebaservicio/ros2_ws/install/mi_primer_paquete/bin'
[1.761s] Level 1:colcon.colcon_core.environment:create_environment_scripts_only(mi_primer_paquete)
[1.761s] INFO:colcon.colcon_core.shell:Creating package script '/home/robotics/pruebaservicio/ros2_ws/install/mi_primer_paquete/share/mi_primer_paquete/package.ps1'
[1.762s] INFO:colcon.colcon_core.shell:Creating package descriptor '/home/robotics/pruebaservicio/ros2_ws/install/mi_primer_paquete/share/mi_primer_paquete/package.dsv'
[1.762s] INFO:colcon.colcon_core.shell:Creating package script '/home/robotics/pruebaservicio/ros2_ws/install/mi_primer_paquete/share/mi_primer_paquete/package.sh'
[1.763s] INFO:colcon.colcon_core.shell:Creating package script '/home/robotics/pruebaservicio/ros2_ws/install/mi_primer_paquete/share/mi_primer_paquete/package.bash'
[1.763s] INFO:colcon.colcon_core.shell:Creating package script '/home/robotics/pruebaservicio/ros2_ws/install/mi_primer_paquete/share/mi_primer_paquete/package.zsh'
[1.763s] Level 1:colcon.colcon_core.environment:create_file_with_runtime_dependencies(/home/robotics/pruebaservicio/ros2_ws/install/mi_primer_paquete/share/colcon-core/packages/mi_primer_paquete)
[3.171s] DEBUG:colcon.colcon_core.event_handler.log_command:Invoked command in '/home/robotics/pruebaservicio/ros2_ws/build/micro_ros_msgs' returned '0': CMAKE_PREFIX_PATH=${CMAKE_PREFIX_PATH}:/home/robotics/pruebaservicio/ros2_ws/install/mi_primer_paquete:/opt/ros/jazzy DEBUGINFOD_URLS=https://debuginfod.ubuntu.com /usr/bin/cmake /home/robotics/pruebaservicio/ros2_ws/src/micro_ros_msgs -DCMAKE_INSTALL_PREFIX=/home/robotics/pruebaservicio/ros2_ws/install/micro_ros_msgs
[3.172s] DEBUG:colcon.colcon_core.event_handler.log_command:Invoking command in '/home/robotics/pruebaservicio/ros2_ws/build/micro_ros_msgs': CMAKE_PREFIX_PATH=${CMAKE_PREFIX_PATH}:/home/robotics/pruebaservicio/ros2_ws/install/mi_primer_paquete:/opt/ros/jazzy DEBUGINFOD_URLS=https://debuginfod.ubuntu.com /usr/bin/cmake --build /home/robotics/pruebaservicio/ros2_ws/build/micro_ros_msgs -- -j8 -l8
[5.793s] DEBUG:colcon.colcon_core.event_handler.log_command:Invoked command in '/home/robotics/pruebaservicio/ros2_ws/build/micro_ros_msgs' returned '0': CMAKE_PREFIX_PATH=${CMAKE_PREFIX_PATH}:/home/robotics/pruebaservicio/ros2_ws/install/mi_primer_paquete:/opt/ros/jazzy DEBUGINFOD_URLS=https://debuginfod.ubuntu.com /usr/bin/cmake --build /home/robotics/pruebaservicio/ros2_ws/build/micro_ros_msgs -- -j8 -l8
[5.802s] DEBUG:colcon.colcon_core.event_handler.log_command:Invoking command in '/home/robotics/pruebaservicio/ros2_ws/build/micro_ros_msgs': CMAKE_PREFIX_PATH=${CMAKE_PREFIX_PATH}:/home/robotics/pruebaservicio/ros2_ws/install/mi_primer_paquete:/opt/ros/jazzy DEBUGINFOD_URLS=https://debuginfod.ubuntu.com /usr/bin/cmake --install /home/robotics/pruebaservicio/ros2_ws/build/micro_ros_msgs
[5.878s] Level 1:colcon.colcon_core.environment:create_environment_scripts_only(micro_ros_msgs)
[5.879s] Level 1:colcon.colcon_core.environment:checking '/home/robotics/pruebaservicio/ros2_ws/install/micro_ros_msgs' for CMake module files
[5.879s] DEBUG:colcon.colcon_core.event_handler.log_command:Invoked command in '/home/robotics/pruebaservicio/ros2_ws/build/micro_ros_msgs' returned '0': CMAKE_PREFIX_PATH=${CMAKE_PREFIX_PATH}:/home/robotics/pruebaservicio/ros2_ws/install/mi_primer_paquete:/opt/ros/jazzy DEBUGINFOD_URLS=https://debuginfod.ubuntu.com /usr/bin/cmake --install /home/robotics/pruebaservicio/ros2_ws/build/micro_ros_msgs
[5.879s] Level 1:colcon.colcon_core.environment:checking '/home/robotics/pruebaservicio/ros2_ws/install/micro_ros_msgs' for CMake config files
[5.879s] Level 1:colcon.colcon_core.shell:create_environment_hook('micro_ros_msgs', 'cmake_prefix_path')
[5.880s] INFO:colcon.colcon_core.shell:Creating environment hook '/home/robotics/pruebaservicio/ros2_ws/install/micro_ros_msgs/share/micro_ros_msgs/hook/cmake_prefix_path.ps1'
[5.880s] INFO:colcon.colcon_core.shell:Creating environment descriptor '/home/robotics/pruebaservicio/ros2_ws/install/micro_ros_msgs/share/micro_ros_msgs/hook/cmake_prefix_path.dsv'
[5.880s] INFO:colcon.colcon_core.shell:Creating environment hook '/home/robotics/pruebaservicio/ros2_ws/install/micro_ros_msgs/share/micro_ros_msgs/hook/cmake_prefix_path.sh'
[5.881s] Level 1:colcon.colcon_core.environment:checking '/home/robotics/pruebaservicio/ros2_ws/install/micro_ros_msgs/lib'
[5.881s] Level 1:colcon.colcon_core.shell:create_environment_hook('micro_ros_msgs', 'ld_library_path_lib')
[5.881s] INFO:colcon.colcon_core.shell:Creating environment hook '/home/robotics/pruebaservicio/ros2_ws/install/micro_ros_msgs/share/micro_ros_msgs/hook/ld_library_path_lib.ps1'
[5.881s] INFO:colcon.colcon_core.shell:Creating environment descriptor '/home/robotics/pruebaservicio/ros2_ws/install/micro_ros_msgs/share/micro_ros_msgs/hook/ld_library_path_lib.dsv'
[5.881s] INFO:colcon.colcon_core.shell:Creating environment hook '/home/robotics/pruebaservicio/ros2_ws/install/micro_ros_msgs/share/micro_ros_msgs/hook/ld_library_path_lib.sh'
[5.881s] Level 1:colcon.colcon_core.environment:checking '/home/robotics/pruebaservicio/ros2_ws/install/micro_ros_msgs/bin'
[5.882s] Level 1:colcon.colcon_core.environment:checking '/home/robotics/pruebaservicio/ros2_ws/install/micro_ros_msgs/lib/pkgconfig/micro_ros_msgs.pc'
[5.882s] Level 1:colcon.colcon_core.environment:checking '/home/robotics/pruebaservicio/ros2_ws/install/micro_ros_msgs/lib/python3.12/site-packages'
[5.882s] Level 1:colcon.colcon_core.shell:create_environment_hook('micro_ros_msgs', 'pythonpath')
[5.882s] INFO:colcon.colcon_core.shell:Creating environment hook '/home/robotics/pruebaservicio/ros2_ws/install/micro_ros_msgs/share/micro_ros_msgs/hook/pythonpath.ps1'
[5.882s] INFO:colcon.colcon_core.shell:Creating environment descriptor '/home/robotics/pruebaservicio/ros2_ws/install/micro_ros_msgs/share/micro_ros_msgs/hook/pythonpath.dsv'
[5.882s] INFO:colcon.colcon_core.shell:Creating environment hook '/home/robotics/pruebaservicio/ros2_ws/install/micro_ros_msgs/share/micro_ros_msgs/hook/pythonpath.sh'
[5.883s] Level 1:colcon.colcon_core.environment:checking '/home/robotics/pruebaservicio/ros2_ws/install/micro_ros_msgs/bin'
[5.883s] INFO:colcon.colcon_core.shell:Creating package script '/home/robotics/pruebaservicio/ros2_ws/install/micro_ros_msgs/share/micro_ros_msgs/package.ps1'
[5.883s] INFO:colcon.colcon_core.shell:Creating package descriptor '/home/robotics/pruebaservicio/ros2_ws/install/micro_ros_msgs/share/micro_ros_msgs/package.dsv'
[5.884s] INFO:colcon.colcon_core.shell:Creating package script '/home/robotics/pruebaservicio/ros2_ws/install/micro_ros_msgs/share/micro_ros_msgs/package.sh'
[5.884s] INFO:colcon.colcon_core.shell:Creating package script '/home/robotics/pruebaservicio/ros2_ws/install/micro_ros_msgs/share/micro_ros_msgs/package.bash'
[5.884s] INFO:colcon.colcon_core.shell:Creating package script '/home/robotics/pruebaservicio/ros2_ws/install/micro_ros_msgs/share/micro_ros_msgs/package.zsh'
[5.885s] Level 1:colcon.colcon_core.environment:create_file_with_runtime_dependencies(/home/robotics/pruebaservicio/ros2_ws/install/micro_ros_msgs/share/colcon-core/packages/micro_ros_msgs)
[5.885s] Level 1:colcon.colcon_core.environment:create_environment_scripts_only(micro_ros_msgs)
[5.885s] Level 1:colcon.colcon_core.environment:checking '/home/robotics/pruebaservicio/ros2_ws/install/micro_ros_msgs' for CMake module files
[5.886s] Level 1:colcon.colcon_core.environment:checking '/home/robotics/pruebaservicio/ros2_ws/install/micro_ros_msgs' for CMake config files
[5.886s] Level 1:colcon.colcon_core.shell:create_environment_hook('micro_ros_msgs', 'cmake_prefix_path')
[5.886s] INFO:colcon.colcon_core.shell:Creating environment hook '/home/robotics/pruebaservicio/ros2_ws/install/micro_ros_msgs/share/micro_ros_msgs/hook/cmake_prefix_path.ps1'
[5.886s] INFO:colcon.colcon_core.shell:Creating environment descriptor '/home/robotics/pruebaservicio/ros2_ws/install/micro_ros_msgs/share/micro_ros_msgs/hook/cmake_prefix_path.dsv'
[5.887s] INFO:colcon.colcon_core.shell:Creating environment hook '/home/robotics/pruebaservicio/ros2_ws/install/micro_ros_msgs/share/micro_ros_msgs/hook/cmake_prefix_path.sh'
[5.889s] Level 1:colcon.colcon_core.environment:checking '/home/robotics/pruebaservicio/ros2_ws/install/micro_ros_msgs/lib'
[5.889s] Level 1:colcon.colcon_core.shell:create_environment_hook('micro_ros_msgs', 'ld_library_path_lib')
[5.889s] INFO:colcon.colcon_core.shell:Creating environment hook '/home/robotics/pruebaservicio/ros2_ws/install/micro_ros_msgs/share/micro_ros_msgs/hook/ld_library_path_lib.ps1'
[5.890s] INFO:colcon.colcon_core.shell:Creating environment descriptor '/home/robotics/pruebaservicio/ros2_ws/install/micro_ros_msgs/share/micro_ros_msgs/hook/ld_library_path_lib.dsv'
[5.891s] INFO:colcon.colcon_core.shell:Creating environment hook '/home/robotics/pruebaservicio/ros2_ws/install/micro_ros_msgs/share/micro_ros_msgs/hook/ld_library_path_lib.sh'
[5.892s] Level 1:colcon.colcon_core.environment:checking '/home/robotics/pruebaservicio/ros2_ws/install/micro_ros_msgs/bin'
[5.892s] Level 1:colcon.colcon_core.environment:checking '/home/robotics/pruebaservicio/ros2_ws/install/micro_ros_msgs/lib/pkgconfig/micro_ros_msgs.pc'
[5.892s] Level 1:colcon.colcon_core.environment:checking '/home/robotics/pruebaservicio/ros2_ws/install/micro_ros_msgs/lib/python3.12/site-packages'
[5.892s] Level 1:colcon.colcon_core.shell:create_environment_hook('micro_ros_msgs', 'pythonpath')
[5.892s] INFO:colcon.colcon_core.shell:Creating environment hook '/home/robotics/pruebaservicio/ros2_ws/install/micro_ros_msgs/share/micro_ros_msgs/hook/pythonpath.ps1'
[5.894s] INFO:colcon.colcon_core.shell:Creating environment descriptor '/home/robotics/pruebaservicio/ros2_ws/install/micro_ros_msgs/share/micro_ros_msgs/hook/pythonpath.dsv'
[5.895s] INFO:colcon.colcon_core.shell:Creating environment hook '/home/robotics/pruebaservicio/ros2_ws/install/micro_ros_msgs/share/micro_ros_msgs/hook/pythonpath.sh'
[5.897s] Level 1:colcon.colcon_core.environment:checking '/home/robotics/pruebaservicio/ros2_ws/install/micro_ros_msgs/bin'
[5.897s] INFO:colcon.colcon_core.shell:Creating package script '/home/robotics/pruebaservicio/ros2_ws/install/micro_ros_msgs/share/micro_ros_msgs/package.ps1'
[5.898s] INFO:colcon.colcon_core.shell:Creating package descriptor '/home/robotics/pruebaservicio/ros2_ws/install/micro_ros_msgs/share/micro_ros_msgs/package.dsv'
[5.899s] INFO:colcon.colcon_core.shell:Creating package script '/home/robotics/pruebaservicio/ros2_ws/install/micro_ros_msgs/share/micro_ros_msgs/package.sh'
[5.900s] INFO:colcon.colcon_core.shell:Creating package script '/home/robotics/pruebaservicio/ros2_ws/install/micro_ros_msgs/share/micro_ros_msgs/package.bash'
[5.901s] INFO:colcon.colcon_core.shell:Creating package script '/home/robotics/pruebaservicio/ros2_ws/install/micro_ros_msgs/share/micro_ros_msgs/package.zsh'
[5.902s] Level 1:colcon.colcon_core.environment:create_file_with_runtime_dependencies(/home/robotics/pruebaservicio/ros2_ws/install/micro_ros_msgs/share/colcon-core/packages/micro_ros_msgs)
[5.903s] INFO:colcon.colcon_ros.task.ament_cmake.build:Building ROS package in '/home/robotics/pruebaservicio/ros2_ws/src/micro-ROS-Agent/micro_ros_agent' with build type 'ament_cmake'
[5.903s] INFO:colcon.colcon_cmake.task.cmake.build:Building CMake package in '/home/robotics/pruebaservicio/ros2_ws/src/micro-ROS-Agent/micro_ros_agent'
[5.904s] INFO:colcon.colcon_core.shell:Skip shell extension 'powershell' for command environment: Not usable outside of PowerShell
[5.904s] DEBUG:colcon.colcon_core.shell:Skip shell extension 'dsv' for command environment
[5.912s] DEBUG:colcon.colcon_core.event_handler.log_command:Invoking command in '/home/robotics/pruebaservicio/ros2_ws/build/micro_ros_agent': AMENT_PREFIX_PATH=/home/robotics/pruebaservicio/ros2_ws/install/micro_ros_msgs:${AMENT_PREFIX_PATH} CMAKE_PREFIX_PATH=/home/robotics/pruebaservicio/ros2_ws/install/micro_ros_msgs:/home/robotics/pruebaservicio/ros2_ws/install/micro_ros_agent:/opt/ros/jazzy/opt/sdformat_vendor:/opt/ros/jazzy/opt/gz_math_vendor:/opt/ros/jazzy/opt/gz_utils_vendor:/opt/ros/jazzy/opt/gz_tools_vendor:/opt/ros/jazzy/opt/gz_cmake_vendor:/home/robotics/pruebaservicio/ros2_ws/install/mi_primer_paquete:/opt/ros/jazzy DEBUGINFOD_URLS=https://debuginfod.ubuntu.com LD_LIBRARY_PATH=/home/robotics/pruebaservicio/ros2_ws/install/micro_ros_msgs/lib:${LD_LIBRARY_PATH} PYTHONPATH=/home/robotics/pruebaservicio/ros2_ws/install/micro_ros_msgs/lib/python3.12/site-packages:${PYTHONPATH} /usr/bin/cmake --build /home/robotics/pruebaservicio/ros2_ws/build/micro_ros_agent -- -j8 -l8
[10.810s] DEBUG:colcon.colcon_core.event_handler.log_command:Invoked command in '/home/robotics/pruebaservicio/ros2_ws/build/micro_ros_agent' returned '0': AMENT_PREFIX_PATH=/home/robotics/pruebaservicio/ros2_ws/install/micro_ros_msgs:${AMENT_PREFIX_PATH} CMAKE_PREFIX_PATH=/home/robotics/pruebaservicio/ros2_ws/install/micro_ros_msgs:/home/robotics/pruebaservicio/ros2_ws/install/micro_ros_agent:/opt/ros/jazzy/opt/sdformat_vendor:/opt/ros/jazzy/opt/gz_math_vendor:/opt/ros/jazzy/opt/gz_utils_vendor:/opt/ros/jazzy/opt/gz_tools_vendor:/opt/ros/jazzy/opt/gz_cmake_vendor:/home/robotics/pruebaservicio/ros2_ws/install/mi_primer_paquete:/opt/ros/jazzy DEBUGINFOD_URLS=https://debuginfod.ubuntu.com LD_LIBRARY_PATH=/home/robotics/pruebaservicio/ros2_ws/install/micro_ros_msgs/lib:${LD_LIBRARY_PATH} PYTHONPATH=/home/robotics/pruebaservicio/ros2_ws/install/micro_ros_msgs/lib/python3.12/site-packages:${PYTHONPATH} /usr/bin/cmake --build /home/robotics/pruebaservicio/ros2_ws/build/micro_ros_agent -- -j8 -l8
[10.811s] DEBUG:colcon.colcon_core.event_handler.log_command:Invoking command in '/home/robotics/pruebaservicio/ros2_ws/build/micro_ros_agent': AMENT_PREFIX_PATH=/home/robotics/pruebaservicio/ros2_ws/install/micro_ros_msgs:${AMENT_PREFIX_PATH} CMAKE_PREFIX_PATH=/home/robotics/pruebaservicio/ros2_ws/install/micro_ros_msgs:/home/robotics/pruebaservicio/ros2_ws/install/micro_ros_agent:/opt/ros/jazzy/opt/sdformat_vendor:/opt/ros/jazzy/opt/gz_math_vendor:/opt/ros/jazzy/opt/gz_utils_vendor:/opt/ros/jazzy/opt/gz_tools_vendor:/opt/ros/jazzy/opt/gz_cmake_vendor:/home/robotics/pruebaservicio/ros2_ws/install/mi_primer_paquete:/opt/ros/jazzy DEBUGINFOD_URLS=https://debuginfod.ubuntu.com LD_LIBRARY_PATH=/home/robotics/pruebaservicio/ros2_ws/install/micro_ros_msgs/lib:${LD_LIBRARY_PATH} PYTHONPATH=/home/robotics/pruebaservicio/ros2_ws/install/micro_ros_msgs/lib/python3.12/site-packages:${PYTHONPATH} /usr/bin/cmake --install /home/robotics/pruebaservicio/ros2_ws/build/micro_ros_agent
[10.820s] Level 1:colcon.colcon_core.environment:create_environment_scripts_only(micro_ros_agent)
[10.820s] Level 1:colcon.colcon_core.environment:checking '/home/robotics/pruebaservicio/ros2_ws/install/micro_ros_agent' for CMake module files
[10.821s] DEBUG:colcon.colcon_core.event_handler.log_command:Invoked command in '/home/robotics/pruebaservicio/ros2_ws/build/micro_ros_agent' returned '0': AMENT_PREFIX_PATH=/home/robotics/pruebaservicio/ros2_ws/install/micro_ros_msgs:${AMENT_PREFIX_PATH} CMAKE_PREFIX_PATH=/home/robotics/pruebaservicio/ros2_ws/install/micro_ros_msgs:/home/robotics/pruebaservicio/ros2_ws/install/micro_ros_agent:/opt/ros/jazzy/opt/sdformat_vendor:/opt/ros/jazzy/opt/gz_math_vendor:/opt/ros/jazzy/opt/gz_utils_vendor:/opt/ros/jazzy/opt/gz_tools_vendor:/opt/ros/jazzy/opt/gz_cmake_vendor:/home/robotics/pruebaservicio/ros2_ws/install/mi_primer_paquete:/opt/ros/jazzy DEBUGINFOD_URLS=https://debuginfod.ubuntu.com LD_LIBRARY_PATH=/home/robotics/pruebaservicio/ros2_ws/install/micro_ros_msgs/lib:${LD_LIBRARY_PATH} PYTHONPATH=/home/robotics/pruebaservicio/ros2_ws/install/micro_ros_msgs/lib/python3.12/site-packages:${PYTHONPATH} /usr/bin/cmake --install /home/robotics/pruebaservicio/ros2_ws/build/micro_ros_agent
[10.821s] Level 1:colcon.colcon_core.environment:checking '/home/robotics/pruebaservicio/ros2_ws/install/micro_ros_agent' for CMake config files
[10.821s] Level 1:colcon.colcon_core.shell:create_environment_hook('micro_ros_agent', 'cmake_prefix_path')
[10.821s] INFO:colcon.colcon_core.shell:Creating environment hook '/home/robotics/pruebaservicio/ros2_ws/install/micro_ros_agent/share/micro_ros_agent/hook/cmake_prefix_path.ps1'
[10.822s] INFO:colcon.colcon_core.shell:Creating environment descriptor '/home/robotics/pruebaservicio/ros2_ws/install/micro_ros_agent/share/micro_ros_agent/hook/cmake_prefix_path.dsv'
[10.822s] INFO:colcon.colcon_core.shell:Creating environment hook '/home/robotics/pruebaservicio/ros2_ws/install/micro_ros_agent/share/micro_ros_agent/hook/cmake_prefix_path.sh'
[10.822s] Level 1:colcon.colcon_core.environment:checking '/home/robotics/pruebaservicio/ros2_ws/install/micro_ros_agent/lib'
[10.822s] Level 1:colcon.colcon_core.shell:create_environment_hook('micro_ros_agent', 'ld_library_path_lib')
[10.823s] INFO:colcon.colcon_core.shell:Creating environment hook '/home/robotics/pruebaservicio/ros2_ws/install/micro_ros_agent/share/micro_ros_agent/hook/ld_library_path_lib.ps1'
[10.823s] INFO:colcon.colcon_core.shell:Creating environment descriptor '/home/robotics/pruebaservicio/ros2_ws/install/micro_ros_agent/share/micro_ros_agent/hook/ld_library_path_lib.dsv'
[10.823s] INFO:colcon.colcon_core.shell:Creating environment hook '/home/robotics/pruebaservicio/ros2_ws/install/micro_ros_agent/share/micro_ros_agent/hook/ld_library_path_lib.sh'
[10.823s] Level 1:colcon.colcon_core.environment:checking '/home/robotics/pruebaservicio/ros2_ws/install/micro_ros_agent/bin'
[10.823s] Level 1:colcon.colcon_core.environment:checking '/home/robotics/pruebaservicio/ros2_ws/install/micro_ros_agent/lib/pkgconfig/micro_ros_agent.pc'
[10.824s] Level 1:colcon.colcon_core.environment:checking '/home/robotics/pruebaservicio/ros2_ws/install/micro_ros_agent/lib/python3.12/site-packages'
[10.824s] Level 1:colcon.colcon_core.environment:checking '/home/robotics/pruebaservicio/ros2_ws/install/micro_ros_agent/bin'
[10.824s] INFO:colcon.colcon_core.shell:Creating package script '/home/robotics/pruebaservicio/ros2_ws/install/micro_ros_agent/share/micro_ros_agent/package.ps1'
[10.824s] INFO:colcon.colcon_core.shell:Creating package descriptor '/home/robotics/pruebaservicio/ros2_ws/install/micro_ros_agent/share/micro_ros_agent/package.dsv'
[10.825s] INFO:colcon.colcon_core.shell:Creating package script '/home/robotics/pruebaservicio/ros2_ws/install/micro_ros_agent/share/micro_ros_agent/package.sh'
[10.825s] INFO:colcon.colcon_core.shell:Creating package script '/home/robotics/pruebaservicio/ros2_ws/install/micro_ros_agent/share/micro_ros_agent/package.bash'
[10.825s] INFO:colcon.colcon_core.shell:Creating package script '/home/robotics/pruebaservicio/ros2_ws/install/micro_ros_agent/share/micro_ros_agent/package.zsh'
[10.825s] Level 1:colcon.colcon_core.environment:create_file_with_runtime_dependencies(/home/robotics/pruebaservicio/ros2_ws/install/micro_ros_agent/share/colcon-core/packages/micro_ros_agent)
[10.826s] Level 1:colcon.colcon_core.environment:create_environment_scripts_only(micro_ros_agent)
[10.826s] Level 1:colcon.colcon_core.environment:checking '/home/robotics/pruebaservicio/ros2_ws/install/micro_ros_agent' for CMake module files
[10.826s] Level 1:colcon.colcon_core.environment:checking '/home/robotics/pruebaservicio/ros2_ws/install/micro_ros_agent' for CMake config files
[10.826s] Level 1:colcon.colcon_core.shell:create_environment_hook('micro_ros_agent', 'cmake_prefix_path')
[10.826s] INFO:colcon.colcon_core.shell:Creating environment hook '/home/robotics/pruebaservicio/ros2_ws/install/micro_ros_agent/share/micro_ros_agent/hook/cmake_prefix_path.ps1'
[10.827s] INFO:colcon.colcon_core.shell:Creating environment descriptor '/home/robotics/pruebaservicio/ros2_ws/install/micro_ros_agent/share/micro_ros_agent/hook/cmake_prefix_path.dsv'
[10.827s] INFO:colcon.colcon_core.shell:Creating environment hook '/home/robotics/pruebaservicio/ros2_ws/install/micro_ros_agent/share/micro_ros_agent/hook/cmake_prefix_path.sh'
[10.827s] Level 1:colcon.colcon_core.environment:checking '/home/robotics/pruebaservicio/ros2_ws/install/micro_ros_agent/lib'
[10.827s] Level 1:colcon.colcon_core.shell:create_environment_hook('micro_ros_agent', 'ld_library_path_lib')
[10.827s] INFO:colcon.colcon_core.shell:Creating environment hook '/home/robotics/pruebaservicio/ros2_ws/install/micro_ros_agent/share/micro_ros_agent/hook/ld_library_path_lib.ps1'
[10.828s] INFO:colcon.colcon_core.shell:Creating environment descriptor '/home/robotics/pruebaservicio/ros2_ws/install/micro_ros_agent/share/micro_ros_agent/hook/ld_library_path_lib.dsv'
[10.828s] INFO:colcon.colcon_core.shell:Creating environment hook '/home/robotics/pruebaservicio/ros2_ws/install/micro_ros_agent/share/micro_ros_agent/hook/ld_library_path_lib.sh'
[10.828s] Level 1:colcon.colcon_core.environment:checking '/home/robotics/pruebaservicio/ros2_ws/install/micro_ros_agent/bin'
[10.828s] Level 1:colcon.colcon_core.environment:checking '/home/robotics/pruebaservicio/ros2_ws/install/micro_ros_agent/lib/pkgconfig/micro_ros_agent.pc'
[10.828s] Level 1:colcon.colcon_core.environment:checking '/home/robotics/pruebaservicio/ros2_ws/install/micro_ros_agent/lib/python3.12/site-packages'
[10.829s] Level 1:colcon.colcon_core.environment:checking '/home/robotics/pruebaservicio/ros2_ws/install/micro_ros_agent/bin'
[10.829s] INFO:colcon.colcon_core.shell:Creating package script '/home/robotics/pruebaservicio/ros2_ws/install/micro_ros_agent/share/micro_ros_agent/package.ps1'
[10.829s] INFO:colcon.colcon_core.shell:Creating package descriptor '/home/robotics/pruebaservicio/ros2_ws/install/micro_ros_agent/share/micro_ros_agent/package.dsv'
[10.830s] INFO:colcon.colcon_core.shell:Creating package script '/home/robotics/pruebaservicio/ros2_ws/install/micro_ros_agent/share/micro_ros_agent/package.sh'
[10.830s] INFO:colcon.colcon_core.shell:Creating package script '/home/robotics/pruebaservicio/ros2_ws/install/micro_ros_agent/share/micro_ros_agent/package.bash'
[10.830s] INFO:colcon.colcon_core.shell:Creating package script '/home/robotics/pruebaservicio/ros2_ws/install/micro_ros_agent/share/micro_ros_agent/package.zsh'
[10.830s] Level 1:colcon.colcon_core.environment:create_file_with_runtime_dependencies(/home/robotics/pruebaservicio/ros2_ws/install/micro_ros_agent/share/colcon-core/packages/micro_ros_agent)
[10.831s] DEBUG:colcon.colcon_parallel_executor.executor.parallel:closing loop
[10.831s] DEBUG:colcon.colcon_parallel_executor.executor.parallel:loop closed
[10.831s] DEBUG:colcon.colcon_parallel_executor.executor.parallel:run_until_complete finished with '0'
[10.831s] DEBUG:colcon.colcon_core.event_reactor:joining thread
[10.835s] INFO:colcon.colcon_core.plugin_system:Skipping extension 'colcon_notification.desktop_notification.terminal_notifier': Not used on non-Darwin systems
[10.835s] INFO:colcon.colcon_core.plugin_system:Skipping extension 'colcon_notification.desktop_notification.win32': Not used on non-Windows systems
[10.835s] INFO:colcon.colcon_notification.desktop_notification:Sending desktop notification using 'notify2'
[10.846s] DEBUG:colcon.colcon_core.event_reactor:joined thread
[10.846s] INFO:colcon.colcon_core.shell:Creating prefix script '/home/robotics/pruebaservicio/ros2_ws/install/local_setup.ps1'
[10.847s] INFO:colcon.colcon_core.shell:Creating prefix util module '/home/robotics/pruebaservicio/ros2_ws/install/_local_setup_util_ps1.py'
[10.849s] INFO:colcon.colcon_core.shell:Creating prefix chain script '/home/robotics/pruebaservicio/ros2_ws/install/setup.ps1'
[10.849s] INFO:colcon.colcon_core.shell:Creating prefix script '/home/robotics/pruebaservicio/ros2_ws/install/local_setup.sh'
[10.850s] INFO:colcon.colcon_core.shell:Creating prefix util module '/home/robotics/pruebaservicio/ros2_ws/install/_local_setup_util_sh.py'
[10.850s] INFO:colcon.colcon_core.shell:Creating prefix chain script '/home/robotics/pruebaservicio/ros2_ws/install/setup.sh'
[10.851s] INFO:colcon.colcon_core.shell:Creating prefix script '/home/robotics/pruebaservicio/ros2_ws/install/local_setup.bash'
[10.852s] INFO:colcon.colcon_core.shell:Creating prefix chain script '/home/robotics/pruebaservicio/ros2_ws/install/setup.bash'
[10.853s] INFO:colcon.colcon_core.shell:Creating prefix script '/home/robotics/pruebaservicio/ros2_ws/install/local_setup.zsh'
[10.854s] INFO:colcon.colcon_core.shell:Creating prefix chain script '/home/robotics/pruebaservicio/ros2_ws/install/setup.zsh'
