[0.924s] Invoking command in '/home/robotics/pruebaservicio/ros2_ws/src/mi_primer_paquete': DEBUGINFOD_URLS=https://debuginfod.ubuntu.com PYTHONPATH=/home/robotics/pruebaservicio/ros2_ws/build/mi_primer_paquete/prefix_override:/usr/lib/python3/dist-packages/colcon_core/task/python/colcon_distutils_commands:/home/robotics/pruebaservicio/ros2_ws/install/mi_primer_paquete/lib/python3.12/site-packages:${PYTHONPATH} /usr/bin/python3 -W ignore:setup.py install is deprecated -W ignore:easy_install command is deprecated setup.py egg_info --egg-base ../../build/mi_primer_paquete build --build-base /home/robotics/pruebaservicio/ros2_ws/build/mi_primer_paquete/build install --record /home/robotics/pruebaservicio/ros2_ws/build/mi_primer_paquete/install.log --single-version-externally-managed install_data
[1.237s] running egg_info
[1.237s] creating ../../build/mi_primer_paquete/mi_primer_paquete.egg-info
[1.262s] writing ../../build/mi_primer_paquete/mi_primer_paquete.egg-info/PKG-INFO
[1.262s] writing dependency_links to ../../build/mi_primer_paquete/mi_primer_paquete.egg-info/dependency_links.txt
[1.262s] writing entry points to ../../build/mi_primer_paquete/mi_primer_paquete.egg-info/entry_points.txt
[1.262s] writing requirements to ../../build/mi_primer_paquete/mi_primer_paquete.egg-info/requires.txt
[1.262s] writing top-level names to ../../build/mi_primer_paquete/mi_primer_paquete.egg-info/top_level.txt
[1.262s] writing manifest file '../../build/mi_primer_paquete/mi_primer_paquete.egg-info/SOURCES.txt'
[1.316s] reading manifest file '../../build/mi_primer_paquete/mi_primer_paquete.egg-info/SOURCES.txt'
[1.316s] writing manifest file '../../build/mi_primer_paquete/mi_primer_paquete.egg-info/SOURCES.txt'
[1.316s] running build
[1.316s] running build_py
[1.317s] creating /home/robotics/pruebaservicio/ros2_ws/build/mi_primer_paquete/build
[1.317s] creating /home/robotics/pruebaservicio/ros2_ws/build/mi_primer_paquete/build/lib
[1.317s] creating /home/robotics/pruebaservicio/ros2_ws/build/mi_primer_paquete/build/lib/mi_primer_paquete
[1.317s] copying mi_primer_paquete/__init__.py -> /home/robotics/pruebaservicio/ros2_ws/build/mi_primer_paquete/build/lib/mi_primer_paquete
[1.317s] copying mi_primer_paquete/publicador_juntas_terminal.py -> /home/robotics/pruebaservicio/ros2_ws/build/mi_primer_paquete/build/lib/mi_primer_paquete
[1.317s] copying mi_primer_paquete/clicked_point_a_juntas.py -> /home/robotics/pruebaservicio/ros2_ws/build/mi_primer_paquete/build/lib/mi_primer_paquete
[1.317s] copying mi_primer_paquete/punto_objetivo.py -> /home/robotics/pruebaservicio/ros2_ws/build/mi_primer_paquete/build/lib/mi_primer_paquete
[1.317s] copying mi_primer_paquete/Respaldo.py -> /home/robotics/pruebaservicio/ros2_ws/build/mi_primer_paquete/build/lib/mi_primer_paquete
[1.317s] copying mi_primer_paquete/CinematicaInversa.py -> /home/robotics/pruebaservicio/ros2_ws/build/mi_primer_paquete/build/lib/mi_primer_paquete
[1.317s] copying mi_primer_paquete/cine_inver.py -> /home/robotics/pruebaservicio/ros2_ws/build/mi_primer_paquete/build/lib/mi_primer_paquete
[1.317s] copying mi_primer_paquete/3GDL.py -> /home/robotics/pruebaservicio/ros2_ws/build/mi_primer_paquete/build/lib/mi_primer_paquete
[1.318s] copying mi_primer_paquete/joint_states_a_esp32.py -> /home/robotics/pruebaservicio/ros2_ws/build/mi_primer_paquete/build/lib/mi_primer_paquete
[1.318s] running install
[1.323s] running install_lib
[1.349s] creating /home/robotics/pruebaservicio/ros2_ws/install/mi_primer_paquete/lib/python3.12/site-packages/mi_primer_paquete
[1.349s] copying /home/robotics/pruebaservicio/ros2_ws/build/mi_primer_paquete/build/lib/mi_primer_paquete/__init__.py -> /home/robotics/pruebaservicio/ros2_ws/install/mi_primer_paquete/lib/python3.12/site-packages/mi_primer_paquete
[1.349s] copying /home/robotics/pruebaservicio/ros2_ws/build/mi_primer_paquete/build/lib/mi_primer_paquete/publicador_juntas_terminal.py -> /home/robotics/pruebaservicio/ros2_ws/install/mi_primer_paquete/lib/python3.12/site-packages/mi_primer_paquete
[1.349s] copying /home/robotics/pruebaservicio/ros2_ws/build/mi_primer_paquete/build/lib/mi_primer_paquete/clicked_point_a_juntas.py -> /home/robotics/pruebaservicio/ros2_ws/install/mi_primer_paquete/lib/python3.12/site-packages/mi_primer_paquete
[1.350s] copying /home/robotics/pruebaservicio/ros2_ws/build/mi_primer_paquete/build/lib/mi_primer_paquete/punto_objetivo.py -> /home/robotics/pruebaservicio/ros2_ws/install/mi_primer_paquete/lib/python3.12/site-packages/mi_primer_paquete
[1.350s] copying /home/robotics/pruebaservicio/ros2_ws/build/mi_primer_paquete/build/lib/mi_primer_paquete/Respaldo.py -> /home/robotics/pruebaservicio/ros2_ws/install/mi_primer_paquete/lib/python3.12/site-packages/mi_primer_paquete
[1.350s] copying /home/robotics/pruebaservicio/ros2_ws/build/mi_primer_paquete/build/lib/mi_primer_paquete/CinematicaInversa.py -> /home/robotics/pruebaservicio/ros2_ws/install/mi_primer_paquete/lib/python3.12/site-packages/mi_primer_paquete
[1.350s] copying /home/robotics/pruebaservicio/ros2_ws/build/mi_primer_paquete/build/lib/mi_primer_paquete/cine_inver.py -> /home/robotics/pruebaservicio/ros2_ws/install/mi_primer_paquete/lib/python3.12/site-packages/mi_primer_paquete
[1.350s] copying /home/robotics/pruebaservicio/ros2_ws/build/mi_primer_paquete/build/lib/mi_primer_paquete/3GDL.py -> /home/robotics/pruebaservicio/ros2_ws/install/mi_primer_paquete/lib/python3.12/site-packages/mi_primer_paquete
[1.350s] copying /home/robotics/pruebaservicio/ros2_ws/build/mi_primer_paquete/build/lib/mi_primer_paquete/joint_states_a_esp32.py -> /home/robotics/pruebaservicio/ros2_ws/install/mi_primer_paquete/lib/python3.12/site-packages/mi_primer_paquete
[1.350s] byte-compiling /home/robotics/pruebaservicio/ros2_ws/install/mi_primer_paquete/lib/python3.12/site-packages/mi_primer_paquete/__init__.py to __init__.cpython-312.pyc
[1.350s] byte-compiling /home/robotics/pruebaservicio/ros2_ws/install/mi_primer_paquete/lib/python3.12/site-packages/mi_primer_paquete/publicador_juntas_terminal.py to publicador_juntas_terminal.cpython-312.pyc
[1.351s] byte-compiling /home/robotics/pruebaservicio/ros2_ws/install/mi_primer_paquete/lib/python3.12/site-packages/mi_primer_paquete/clicked_point_a_juntas.py to clicked_point_a_juntas.cpython-312.pyc
[1.353s] byte-compiling /home/robotics/pruebaservicio/ros2_ws/install/mi_primer_paquete/lib/python3.12/site-packages/mi_primer_paquete/punto_objetivo.py to punto_objetivo.cpython-312.pyc
[1.354s] byte-compiling /home/robotics/pruebaservicio/ros2_ws/install/mi_primer_paquete/lib/python3.12/site-packages/mi_primer_paquete/Respaldo.py to Respaldo.cpython-312.pyc
[1.356s] byte-compiling /home/robotics/pruebaservicio/ros2_ws/install/mi_primer_paquete/lib/python3.12/site-packages/mi_primer_paquete/CinematicaInversa.py to CinematicaInversa.cpython-312.pyc
[1.356s]   File "/home/robotics/pruebaservicio/ros2_ws/install/mi_primer_paquete/lib/python3.12/site-packages/mi_primer_paquete/CinematicaInversa.py", line 17
[1.356s]     xi = Matrix([T_0_p[0, 3],import rclpy
[1.356s]                              ^^^^^^
[1.356s] SyntaxError: invalid syntax
[1.356s] 
[1.357s] byte-compiling /home/robotics/pruebaservicio/ros2_ws/install/mi_primer_paquete/lib/python3.12/site-packages/mi_primer_paquete/cine_inver.py to cine_inver.cpython-312.pyc
[1.358s] Sorry: IndentationError: expected an indented block after 'for' statement on line 123 (cine_inver.py, line 124)
[1.358s] byte-compiling /home/robotics/pruebaservicio/ros2_ws/install/mi_primer_paquete/lib/python3.12/site-packages/mi_primer_paquete/3GDL.py to 3GDL.cpython-312.pyc
[1.359s] byte-compiling /home/robotics/pruebaservicio/ros2_ws/install/mi_primer_paquete/lib/python3.12/site-packages/mi_primer_paquete/joint_states_a_esp32.py to joint_states_a_esp32.cpython-312.pyc
[1.359s] running install_data
[1.359s] creating /home/robotics/pruebaservicio/ros2_ws/install/mi_primer_paquete/share/ament_index
[1.360s] creating /home/robotics/pruebaservicio/ros2_ws/install/mi_primer_paquete/share/ament_index/resource_index
[1.360s] creating /home/robotics/pruebaservicio/ros2_ws/install/mi_primer_paquete/share/ament_index/resource_index/packages
[1.360s] copying resource/mi_primer_paquete -> /home/robotics/pruebaservicio/ros2_ws/install/mi_primer_paquete/share/ament_index/resource_index/packages
[1.360s] copying package.xml -> /home/robotics/pruebaservicio/ros2_ws/install/mi_primer_paquete/share/mi_primer_paquete
[1.360s] creating /home/robotics/pruebaservicio/ros2_ws/install/mi_primer_paquete/share/mi_primer_paquete/launch
[1.360s] copying launch/display.launch.py -> /home/robotics/pruebaservicio/ros2_ws/install/mi_primer_paquete/share/mi_primer_paquete/launch
[1.360s] copying launch/display_2.launch.py -> /home/robotics/pruebaservicio/ros2_ws/install/mi_primer_paquete/share/mi_primer_paquete/launch
[1.360s] creating /home/robotics/pruebaservicio/ros2_ws/install/mi_primer_paquete/share/mi_primer_paquete/urdf
[1.360s] copying urdf/robot.urdf -> /home/robotics/pruebaservicio/ros2_ws/install/mi_primer_paquete/share/mi_primer_paquete/urdf
[1.361s] copying urdf/prueba.urdf -> /home/robotics/pruebaservicio/ros2_ws/install/mi_primer_paquete/share/mi_primer_paquete/urdf
[1.362s] copying urdf/prueba_2.urdf -> /home/robotics/pruebaservicio/ros2_ws/install/mi_primer_paquete/share/mi_primer_paquete/urdf
[1.362s] creating /home/robotics/pruebaservicio/ros2_ws/install/mi_primer_paquete/share/mi_primer_paquete/urdf/Modelos_en_stl
[1.362s] copying urdf/Modelos_en_stl/Ensamblaje_base.stl -> /home/robotics/pruebaservicio/ros2_ws/install/mi_primer_paquete/share/mi_primer_paquete/urdf/Modelos_en_stl
[1.367s] copying urdf/Modelos_en_stl/Ensamblaje_antebrazo.stl -> /home/robotics/pruebaservicio/ros2_ws/install/mi_primer_paquete/share/mi_primer_paquete/urdf/Modelos_en_stl
[1.378s] copying urdf/Modelos_en_stl/Ensamblaje_brazo.stl -> /home/robotics/pruebaservicio/ros2_ws/install/mi_primer_paquete/share/mi_primer_paquete/urdf/Modelos_en_stl
[1.379s] copying urdf/Modelos_en_stl/Ensamblaje_hombro.stl -> /home/robotics/pruebaservicio/ros2_ws/install/mi_primer_paquete/share/mi_primer_paquete/urdf/Modelos_en_stl
[1.387s] creating /home/robotics/pruebaservicio/ros2_ws/install/mi_primer_paquete/share/mi_primer_paquete/rviz
[1.387s] copying rviz/mi_robot.rviz -> /home/robotics/pruebaservicio/ros2_ws/install/mi_primer_paquete/share/mi_primer_paquete/rviz
[1.387s] running install_egg_info
[1.414s] Copying ../../build/mi_primer_paquete/mi_primer_paquete.egg-info to /home/robotics/pruebaservicio/ros2_ws/install/mi_primer_paquete/lib/python3.12/site-packages/mi_primer_paquete-0.0.0-py3.12.egg-info
[1.414s] running install_scripts
[1.572s] Installing clicked_point_a_juntas script to /home/robotics/pruebaservicio/ros2_ws/install/mi_primer_paquete/lib/mi_primer_paquete
[1.572s] Installing joint_states_a_esp32 script to /home/robotics/pruebaservicio/ros2_ws/install/mi_primer_paquete/lib/mi_primer_paquete
[1.572s] Installing publicador_juntas_terminal script to /home/robotics/pruebaservicio/ros2_ws/install/mi_primer_paquete/lib/mi_primer_paquete
[1.572s] Installing publisher script to /home/robotics/pruebaservicio/ros2_ws/install/mi_primer_paquete/lib/mi_primer_paquete
[1.572s] Installing punto_objetivo script to /home/robotics/pruebaservicio/ros2_ws/install/mi_primer_paquete/lib/mi_primer_paquete
[1.572s] Installing subscriber script to /home/robotics/pruebaservicio/ros2_ws/install/mi_primer_paquete/lib/mi_primer_paquete
[1.572s] Installing subscriber_2 script to /home/robotics/pruebaservicio/ros2_ws/install/mi_primer_paquete/lib/mi_primer_paquete
[1.572s] Installing subscriber_inter script to /home/robotics/pruebaservicio/ros2_ws/install/mi_primer_paquete/lib/mi_primer_paquete
[1.575s] writing list of installed files to '/home/robotics/pruebaservicio/ros2_ws/build/mi_primer_paquete/install.log'
[1.601s] Invoked command in '/home/robotics/pruebaservicio/ros2_ws/src/mi_primer_paquete' returned '0': DEBUGINFOD_URLS=https://debuginfod.ubuntu.com PYTHONPATH=/home/robotics/pruebaservicio/ros2_ws/build/mi_primer_paquete/prefix_override:/usr/lib/python3/dist-packages/colcon_core/task/python/colcon_distutils_commands:/home/robotics/pruebaservicio/ros2_ws/install/mi_primer_paquete/lib/python3.12/site-packages:${PYTHONPATH} /usr/bin/python3 -W ignore:setup.py install is deprecated -W ignore:easy_install command is deprecated setup.py egg_info --egg-base ../../build/mi_primer_paquete build --build-base /home/robotics/pruebaservicio/ros2_ws/build/mi_primer_paquete/build install --record /home/robotics/pruebaservicio/ros2_ws/build/mi_primer_paquete/install.log --single-version-externally-managed install_data
